Component: ARM Compiler 5.06 update 7 (build 960) Tool: armlink [4d3601]

==============================================================================

Section Cross References

    startup_stm32f103xb.o(STACK) refers (Special) to heapauxi.o(.text) for __use_two_region_memory
    startup_stm32f103xb.o(HEAP) refers (Special) to heapauxi.o(.text) for __use_two_region_memory
    startup_stm32f103xb.o(RESET) refers (Special) to heapauxi.o(.text) for __use_two_region_memory
    startup_stm32f103xb.o(RESET) refers to startup_stm32f103xb.o(STACK) for __initial_sp
    startup_stm32f103xb.o(RESET) refers to startup_stm32f103xb.o(.text) for Reset_Handler
    startup_stm32f103xb.o(RESET) refers to stm32f1xx_it.o(i.NMI_Handler) for NMI_Handler
    startup_stm32f103xb.o(RESET) refers to stm32f1xx_it.o(i.HardFault_Handler) for HardFault_Handler
    startup_stm32f103xb.o(RESET) refers to stm32f1xx_it.o(i.MemManage_Handler) for MemManage_Handler
    startup_stm32f103xb.o(RESET) refers to stm32f1xx_it.o(i.BusFault_Handler) for BusFault_Handler
    startup_stm32f103xb.o(RESET) refers to stm32f1xx_it.o(i.UsageFault_Handler) for UsageFault_Handler
    startup_stm32f103xb.o(RESET) refers to port.o(.emb_text) for SVC_Handler
    startup_stm32f103xb.o(RESET) refers to stm32f1xx_it.o(i.DebugMon_Handler) for DebugMon_Handler
    startup_stm32f103xb.o(RESET) refers to stm32f1xx_it.o(i.SysTick_Handler) for SysTick_Handler
    startup_stm32f103xb.o(RESET) refers to stm32f1xx_it.o(i.TIM3_IRQHandler) for TIM3_IRQHandler
    startup_stm32f103xb.o(RESET) refers to stm32f1xx_it.o(i.TIM4_IRQHandler) for TIM4_IRQHandler
    startup_stm32f103xb.o(.text) refers (Special) to heapauxi.o(.text) for __use_two_region_memory
    startup_stm32f103xb.o(.text) refers to system_stm32f1xx.o(i.SystemInit) for SystemInit
    startup_stm32f103xb.o(.text) refers to __main.o(!!!main) for __main
    startup_stm32f103xb.o(.text) refers to startup_stm32f103xb.o(HEAP) for Heap_Mem
    startup_stm32f103xb.o(.text) refers to startup_stm32f103xb.o(STACK) for Stack_Mem
    main.o(i.SystemClock_Config) refers to rt_memclr_w.o(.text) for __aeabi_memclr4
    main.o(i.SystemClock_Config) refers to stm32f1xx_hal_rcc.o(i.HAL_RCC_OscConfig) for HAL_RCC_OscConfig
    main.o(i.SystemClock_Config) refers to stm32f1xx_hal_rcc.o(i.HAL_RCC_ClockConfig) for HAL_RCC_ClockConfig
    main.o(i.main) refers to stm32f1xx_hal.o(i.HAL_Init) for HAL_Init
    main.o(i.main) refers to main.o(i.SystemClock_Config) for SystemClock_Config
    main.o(i.main) refers to gpio.o(i.MX_GPIO_Init) for MX_GPIO_Init
    main.o(i.main) refers to tim.o(i.MX_TIM2_Init) for MX_TIM2_Init
    main.o(i.main) refers to tim.o(i.MX_TIM3_Init) for MX_TIM3_Init
    main.o(i.main) refers to tim.o(i.MX_TIM4_Init) for MX_TIM4_Init
    main.o(i.main) refers to freertos.o(i.MX_FREERTOS_Init) for MX_FREERTOS_Init
    main.o(i.main) refers to cmsis_os.o(i.osKernelStart) for osKernelStart
    gpio.o(i.MX_GPIO_Init) refers to stm32f1xx_hal_gpio.o(i.HAL_GPIO_WritePin) for HAL_GPIO_WritePin
    gpio.o(i.MX_GPIO_Init) refers to stm32f1xx_hal_gpio.o(i.HAL_GPIO_Init) for HAL_GPIO_Init
    freertos.o(i.MX_FREERTOS_Init) refers to rt_memcpy_w.o(.text) for __aeabi_memcpy4
    freertos.o(i.MX_FREERTOS_Init) refers to cmsis_os.o(i.osThreadCreate) for osThreadCreate
    freertos.o(i.MX_FREERTOS_Init) refers to freertos.o(.constdata) for .constdata
    freertos.o(i.MX_FREERTOS_Init) refers to freertos.o(.data) for .data
    freertos.o(i.StartDefaultTask) refers to stm32f1xx_hal_gpio.o(i.HAL_GPIO_TogglePin) for HAL_GPIO_TogglePin
    freertos.o(i.StartDefaultTask) refers to cmsis_os.o(i.osDelay) for osDelay
    freertos.o(i.vApplicationGetIdleTaskMemory) refers to freertos.o(.bss) for .bss
    freertos.o(.constdata) refers to freertos.o(.conststring) for .conststring
    freertos.o(.constdata) refers to freertos.o(i.StartDefaultTask) for StartDefaultTask
    freertos.o(.constdata) refers to motor.o(i.Motor_task) for Motor_task
    freertos.o(.constdata) refers to encoder.o(i.Encoder_task) for Encoder_task
    freertos.o(.constdata) refers to chassis.o(i.Chassis_task) for Chassis_task
    tim.o(i.HAL_TIM_Encoder_MspDeInit) refers to stm32f1xx_hal_gpio.o(i.HAL_GPIO_DeInit) for HAL_GPIO_DeInit
    tim.o(i.HAL_TIM_Encoder_MspDeInit) refers to stm32f1xx_hal_cortex.o(i.HAL_NVIC_DisableIRQ) for HAL_NVIC_DisableIRQ
    tim.o(i.HAL_TIM_Encoder_MspInit) refers to stm32f1xx_hal_gpio.o(i.HAL_GPIO_Init) for HAL_GPIO_Init
    tim.o(i.HAL_TIM_Encoder_MspInit) refers to stm32f1xx_hal_cortex.o(i.HAL_NVIC_SetPriority) for HAL_NVIC_SetPriority
    tim.o(i.HAL_TIM_Encoder_MspInit) refers to stm32f1xx_hal_cortex.o(i.HAL_NVIC_EnableIRQ) for HAL_NVIC_EnableIRQ
    tim.o(i.HAL_TIM_MspPostInit) refers to stm32f1xx_hal_gpio.o(i.HAL_GPIO_Init) for HAL_GPIO_Init
    tim.o(i.MX_TIM2_Init) refers to rt_memclr_w.o(.text) for __aeabi_memclr4
    tim.o(i.MX_TIM2_Init) refers to stm32f1xx_hal_tim.o(i.HAL_TIM_PWM_Init) for HAL_TIM_PWM_Init
[...]
    makeFreeRtosPriority                     0x08002833   Thumb Code    12  cmsis_os.o(i.makeFreeRtosPriority)
    i.motor_controller                       0x08002840   Section        0  motor.o(i.motor_controller)
    i.motor_feedback                         0x080028bc   Section        0  motor.o(i.motor_feedback)
    i.motor_init                             0x080028d8   Section        0  motor.o(i.motor_init)
    i.motor_start                            0x08002938   Section        0  motor.o(i.motor_start)
    i.osDelay                                0x08002954   Section        0  cmsis_os.o(i.osDelay)
    i.osKernelStart                          0x08002962   Section        0  cmsis_os.o(i.osKernelStart)
    i.osThreadCreate                         0x0800296c   Section        0  cmsis_os.o(i.osThreadCreate)
    i.pow                                    0x080029c0   Section        0  pow.o(i.pow)
    i.prvAddCurrentTaskToDelayedList         0x08003398   Section        0  tasks.o(i.prvAddCurrentTaskToDelayedList)
    prvAddCurrentTaskToDelayedList           0x08003399   Thumb Code   102  tasks.o(i.prvAddCurrentTaskToDelayedList)
    i.prvAddNewTaskToReadyList               0x08003408   Section        0  tasks.o(i.prvAddNewTaskToReadyList)
    prvAddNewTaskToReadyList                 0x08003409   Thumb Code   194  tasks.o(i.prvAddNewTaskToReadyList)
    i.prvDeleteTCB                           0x080034d8   Section        0  tasks.o(i.prvDeleteTCB)
    prvDeleteTCB                             0x080034d9   Thumb Code    52  tasks.o(i.prvDeleteTCB)
    i.prvHeapInit                            0x0800350c   Section        0  heap_4.o(i.prvHeapInit)
    prvHeapInit                              0x0800350d   Thumb Code    66  heap_4.o(i.prvHeapInit)
    i.prvIdleTask                            0x08003558   Section        0  tasks.o(i.prvIdleTask)
    prvIdleTask                              0x08003559   Thumb Code    82  tasks.o(i.prvIdleTask)
    i.prvInitialiseNewTask                   0x080035b8   Section        0  tasks.o(i.prvInitialiseNewTask)
    prvInitialiseNewTask                     0x080035b9   Thumb Code   152  tasks.o(i.prvInitialiseNewTask)
    i.prvInsertBlockIntoFreeList             0x08003650   Section        0  heap_4.o(i.prvInsertBlockIntoFreeList)
    prvInsertBlockIntoFreeList               0x08003651   Thumb Code    72  heap_4.o(i.prvInsertBlockIntoFreeList)
    i.prvResetNextTaskUnblockTime            0x0800369c   Section        0  tasks.o(i.prvResetNextTaskUnblockTime)
    prvResetNextTaskUnblockTime              0x0800369d   Thumb Code    26  tasks.o(i.prvResetNextTaskUnblockTime)
    i.prvTaskExitError                       0x080036bc   Section        0  port.o(i.prvTaskExitError)
    prvTaskExitError                         0x080036bd   Thumb Code    36  port.o(i.prvTaskExitError)
    i.pvPortMalloc                           0x080036e4   Section        0  heap_4.o(i.pvPortMalloc)
    i.pxPortInitialiseStack                  0x080037c0   Section        0  port.o(i.pxPortInitialiseStack)
    i.sin                                    0x080037e4   Section        0  sin.o(i.sin)
    i.sqrt                                   0x08003884   Section        0  sqrt.o(i.sqrt)
    i.uxListRemove                           0x080038d0   Section        0  list.o(i.uxListRemove)
    i.vApplicationGetIdleTaskMemory          0x080038f8   Section        0  freertos.o(i.vApplicationGetIdleTaskMemory)
    i.vListInitialise                        0x0800390c   Section        0  list.o(i.vListInitialise)
    i.vListInitialiseItem                    0x08003922   Section        0  list.o(i.vListInitialiseItem)
    i.vListInsert                            0x08003928   Section        0  list.o(i.vListInsert)
    i.vListInsertEnd                         0x08003958   Section        0  list.o(i.vListInsertEnd)
    i.vPortEnterCritical                     0x08003970   Section        0  port.o(i.vPortEnterCritical)
    i.vPortExitCritical                      0x080039b0   Section        0  port.o(i.vPortExitCritical)
    i.vPortFree                              0x080039d8   Section        0  heap_4.o(i.vPortFree)
    i.vPortSetupTimerInterrupt               0x08003a3c   Section        0  port.o(i.vPortSetupTimerInterrupt)
    i.vTaskDelay                             0x08003a60   Section        0  tasks.o(i.vTaskDelay)
    i.vTaskStartScheduler                    0x08003aac   Section        0  tasks.o(i.vTaskStartScheduler)
    i.vTaskSuspendAll                        0x08003b18   Section        0  tasks.o(i.vTaskSuspendAll)
    i.vTaskSwitchContext                     0x08003b28   Section        0  tasks.o(i.vTaskSwitchContext)
    i.xPortStartScheduler                    0x08003b84   Section        0  port.o(i.xPortStartScheduler)
    i.xPortSysTickHandler                    0x08003c2c   Section        0  port.o(i.xPortSysTickHandler)
    i.xTaskCreate                            0x08003c58   Section        0  tasks.o(i.xTaskCreate)
    i.xTaskCreateStatic                      0x08003cb2   Section        0  tasks.o(i.xTaskCreateStatic)
    i.xTaskGetSchedulerState                 0x08003d08   Section        0  tasks.o(i.xTaskGetSchedulerState)
    i.xTaskIncrementTick                     0x08003d24   Section        0  tasks.o(i.xTaskIncrementTick)
    i.xTaskResumeAll                         0x08003df0   Section        0  tasks.o(i.xTaskResumeAll)
    x$fpl$d2f                                0x08003eb4   Section       98  d2f.o(x$fpl$d2f)
    x$fpl$dadd                               0x08003f18   Section      336  daddsub_clz.o(x$fpl$dadd)
    _dadd1                                   0x08003f29   Thumb Code     0  daddsub_clz.o(x$fpl$dadd)
    x$fpl$dcheck1                            0x08004068   Section       16  dcheck1.o(x$fpl$dcheck1)
    x$fpl$dcmpinf                            0x08004078   Section       24  dcmpi.o(x$fpl$dcmpinf)
    x$fpl$ddiv                               0x08004090   Section      688  ddiv.o(x$fpl$ddiv)
    ddiv_entry                               0x08004097   Thumb Code     0  ddiv.o(x$fpl$ddiv)
    x$fpl$deqf                               0x08004340   Section      120  deqf.o(x$fpl$deqf)
    x$fpl$dfix                               0x080043b8   Section       94  dfix.o(x$fpl$dfix)
    x$fpl$dflt                               0x08004416   Section       46  dflt_clz.o(x$fpl$dflt)
    x$fpl$dfltu                              0x08004444   Section       38  dflt_clz.o(x$fpl$dfltu)
    x$fpl$dleqf                              0x0800446c   Section      120  dleqf.o(x$fpl$dleqf)
    x$fpl$dmul                               0x080044e4   Section      340  dmul.o(x$fpl$dmul)
    x$fpl$dnaninf                            0x08004638   Section      156  dnaninf.o(x$fpl$dnaninf)
    x$fpl$dretinf                            0x080046d4   Section       12  dretinf.o(x$fpl$dretinf)
    x$fpl$drleqf                             0x080046e0   Section      108  drleqf.o(x$fpl$drleqf)
    x$fpl$drsb                               0x0800474c   Section       22  daddsub_clz.o(x$fpl$drsb)
    x$fpl$dsqrt                              0x08004764   Section      460  dsqrt_noumaal.o(x$fpl$dsqrt)
    x$fpl$dsub                               0x08004930   Section      468  daddsub_clz.o(x$fpl$dsub)
    _dsub1                                   0x08004941   Thumb Code     0  daddsub_clz.o(x$fpl$dsub)
    x$fpl$f2d                                0x08004b04   Section       86  f2d.o(x$fpl$f2d)
    x$fpl$fadd                               0x08004b5c   Section      196  faddsub_clz.o(x$fpl$fadd)
    _fadd1                                   0x08004b6b   Thumb Code     0  faddsub_clz.o(x$fpl$fadd)
    x$fpl$fcheck1                            0x08004c20   Section       12  fcheck1.o(x$fpl$fcheck1)
    x$fpl$fcmpinf                            0x08004c2c   Section       24  fcmpi.o(x$fpl$fcmpinf)
    x$fpl$fdiv                               0x08004c44   Section      388  fdiv.o(x$fpl$fdiv)
    _fdiv1                                   0x08004c45   Thumb Code     0  fdiv.o(x$fpl$fdiv)
    x$fpl$ffixu                              0x08004dc8   Section       62  ffixu.o(x$fpl$ffixu)
    x$fpl$fflt                               0x08004e08   Section       48  fflt_clz.o(x$fpl$fflt)
    x$fpl$ffltu                              0x08004e38   Section       38  fflt_clz.o(x$fpl$ffltu)
    x$fpl$fleqf                              0x08004e60   Section      104  fleqf.o(x$fpl$fleqf)
    x$fpl$fmul                               0x08004ec8   Section      258  fmul.o(x$fpl$fmul)
    x$fpl$fnaninf                            0x08004fca   Section      140  fnaninf.o(x$fpl$fnaninf)
    x$fpl$fretinf                            0x08005056   Section       10  fretinf.o(x$fpl$fretinf)
    x$fpl$frleqf                             0x08005060   Section       98  frleqf.o(x$fpl$frleqf)
    x$fpl$frsb                               0x080050c2   Section       20  faddsub_clz.o(x$fpl$frsb)
    x$fpl$fsub                               0x080050d8   Section      234  faddsub_clz.o(x$fpl$fsub)
    _fsub1                                   0x080050e7   Thumb Code     0  faddsub_clz.o(x$fpl$fsub)
    x$fpl$retnan                             0x080051c2   Section      100  retnan.o(x$fpl$retnan)
    x$fpl$scalbn                             0x08005226   Section       92  scalbn.o(x$fpl$scalbn)
    x$fpl$scalbnf                            0x08005282   Section       76  scalbnf.o(x$fpl$scalbnf)
    x$fpl$trapveneer                         0x080052ce   Section       48  trapv.o(x$fpl$trapveneer)
    x$fpl$usenofp                            0x080052fe   Section        0  usenofp.o(x$fpl$usenofp)
    .constdata                               0x08005300   Section      112  freertos.o(.constdata)
    .constdata                               0x08005370   Section       16  system_stm32f1xx.o(.constdata)
    .constdata                               0x08005380   Section       24  motor.o(.constdata)
    .constdata                               0x08005398   Section       24  chassis.o(.constdata)
    .constdata                               0x080053b0   Section       18  stm32f1xx_hal_rcc.o(.constdata)
    aPredivFactorTable                       0x080053b0   Data           2  stm32f1xx_hal_rcc.o(.constdata)
    aPLLMULFactorTable                       0x080053b2   Data          16  stm32f1xx_hal_rcc.o(.constdata)
    .constdata                               0x080053c8   Section      136  pow.o(.constdata)
    bp                                       0x080053c8   Data          16  pow.o(.constdata)
    dp_h                                     0x080053d8   Data          16  pow.o(.constdata)
    dp_l                                     0x080053e8   Data          16  pow.o(.constdata)
    L                                        0x080053f8   Data          48  pow.o(.constdata)
    P                                        0x08005428   Data          40  pow.o(.constdata)
    .constdata                               0x08005450   Section      152  atan.o(.constdata)
    atanhi                                   0x08005450   Data          32  atan.o(.constdata)
    atanlo                                   0x08005470   Data          32  atan.o(.constdata)
    aTodd                                    0x08005490   Data          40  atan.o(.constdata)
    aTeven                                   0x080054b8   Data          48  atan.o(.constdata)
    .constdata                               0x080054e8   Section       48  cos_i.o(.constdata)
    C                                        0x080054e8   Data          48  cos_i.o(.constdata)
    .constdata                               0x08005518   Section        8  qnan.o(.constdata)
    .constdata                               0x08005520   Section      200  rred.o(.constdata)
    pio2s                                    0x08005520   Data          48  rred.o(.constdata)
    twooverpi                                0x08005550   Data         152  rred.o(.constdata)
    .constdata                               0x080055e8   Section       40  sin_i.o(.constdata)
    S                                        0x080055e8   Data          40  sin_i.o(.constdata)
    .conststring                             0x08005610   Section       48  freertos.o(.conststring)
    .data                                    0x20000000   Section       16  freertos.o(.data)
    .data                                    0x20000010   Section        4  system_stm32f1xx.o(.data)
    .data                                    0x20000014   Section       12  stm32f1xx_hal.o(.data)
    .data                                    0x20000020   Section       60  tasks.o(.data)
    uxDeletedTasksWaitingCleanUp             0x20000024   Data           4  tasks.o(.data)
    uxCurrentNumberOfTasks                   0x20000028   Data           4  tasks.o(.data)
    xTickCount                               0x2000002c   Data           4  tasks.o(.data)
    uxTopReadyPriority                       0x20000030   Data           4  tasks.o(.data)
    xSchedulerRunning                        0x20000034   Data           4  tasks.o(.data)
    xPendedTicks                             0x20000038   Data           4  tasks.o(.data)
    xYieldPending                            0x2000003c   Data           4  tasks.o(.data)
    xNumOfOverflows                          0x20000040   Data           4  tasks.o(.data)
    uxTaskNumber                             0x20000044   Data           4  tasks.o(.data)
    xNextTaskUnblockTime                     0x20000048   Data           4  tasks.o(.data)
    xIdleTaskHandle                          0x2000004c   Data           4  tasks.o(.data)
    uxSchedulerSuspended                     0x20000050   Data           4  tasks.o(.data)
    pxDelayedTaskList                        0x20000054   Data           4  tasks.o(.data)
    pxOverflowDelayedTaskList                0x20000058   Data           4  tasks.o(.data)
    .data                                    0x2000005c   Section       32  heap_4.o(.data)
    pxEnd                                    0x2000005c   Data           4  heap_4.o(.data)
    xFreeBytesRemaining                      0x20000060   Data           4  heap_4.o(.data)
    xMinimumEverFreeBytesRemaining           0x20000064   Data           4  heap_4.o(.data)
    xNumberOfSuccessfulAllocations           0x20000068   Data           4  heap_4.o(.data)
    xNumberOfSuccessfulFrees                 0x2000006c   Data           4  heap_4.o(.data)
    xBlockAllocatedBit                       0x20000070   Data           4  heap_4.o(.data)
    xStart                                   0x20000074   Data           8  heap_4.o(.data)
    .data                                    0x2000007c   Section       12  port.o(.data)
    ucMaxSysCallPriority                     0x2000007c   Data           1  port.o(.data)
    uxCriticalNesting                        0x20000080   Data           4  port.o(.data)
    ulMaxPRIGROUPValue                       0x20000084   Data           4  port.o(.data)
    .bss                                     0x20000088   Section      596  freertos.o(.bss)
    xIdleTaskTCBBuffer                       0x20000088   Data          84  freertos.o(.bss)
    xIdleStack                               0x200000dc   Data         512  freertos.o(.bss)
    .bss                                     0x200002dc   Section      216  tim.o(.bss)
    .bss                                     0x200003b4   Section      184  motor.o(.bss)
    .bss                                     0x2000046c   Section      224  chassis.o(.bss)
    .bss                                     0x2000054c   Section       52  encoder.o(.bss)
    .bss                                     0x20000580   Section      240  tasks.o(.bss)
    pxReadyTasksLists                        0x20000580   Data         140  tasks.o(.bss)
    xDelayedTaskList1                        0x2000060c   Data          20  tasks.o(.bss)
    xDelayedTaskList2                        0x20000620   Data          20  tasks.o(.bss)
    xPendingReadyList                        0x20000634   Data          20  tasks.o(.bss)
    xTasksWaitingTermination                 0x20000648   Data          20  tasks.o(.bss)
    xSuspendedTaskList                       0x2000065c   Data          20  tasks.o(.bss)
    .bss                                     0x20000670   Section     3072  heap_4.o(.bss)
    ucHeap                                   0x20000670   Data        3072  heap_4.o(.bss)
    .bss                                     0x20001270   Section       96  libspace.o(.bss)
    HEAP                                     0x200012d0   Section      512  startup_stm32f103xb.o(HEAP)
    Heap_Mem                                 0x200012d0   Data         512  startup_stm32f103xb.o(HEAP)
    STACK                                    0x200014d0   Section     1024  startup_stm32f103xb.o(STACK)
    Stack_Mem                                0x200014d0   Data        1024  startup_stm32f103xb.o(STACK)
    __initial_sp                             0x200018d0   Data           0  startup_stm32f103xb.o(STACK)

    Global Symbols

    Symbol Name                              Value     Ov Type        Size  Object(Section)

    BuildAttributes$$THM_ISAv4$P$D$K$B$S$PE$A:L22UL41UL21$X:L11$S22US41US21$IEEE1$IW$USESV6$~STKCKD$USESV7$~SHL$OTIME$ROPI$IEEEX$EBA8$UX$STANDARDLIB$REQ8$PRES8$EABIv2 0x00000000   Number         0  anon$$obj.o ABSOLUTE
    __ARM_use_no_argv                        0x00000000   Number         0  main.o ABSOLUTE
    __ARM_exceptions_init                     - Undefined Weak Reference
    __alloca_initialize                       - Undefined Weak Reference
    __arm_fini_                               - Undefined Weak Reference
    __arm_preinit_                            - Undefined Weak Reference
    __cpp_initialize__aeabi_                  - Undefined Weak Reference
    __cxa_finalize                            - Undefined Weak Reference
    __rt_locale                               - Undefined Weak Reference
    __sigvec_lookup                           - Undefined Weak Reference
    _atexit_init                              - Undefined Weak Reference
    _call_atexit_fns                          - Undefined Weak Reference
    _clock_init                               - Undefined Weak Reference
    _fp_trap_init                             - Undefined Weak Reference
    _fp_trap_shutdown                         - Undefined Weak Reference
    _get_lc_collate                           - Undefined Weak Reference
    _get_lc_ctype                             - Undefined Weak Reference
    _get_lc_monetary                          - Undefined Weak Reference
    _get_lc_numeric                           - Undefined Weak Reference
    _get_lc_time                              - Undefined Weak Reference
    _getenv_init                              - Undefined Weak Reference
    _handle_redirection                       - Undefined Weak Reference
    _init_alloc                               - Undefined Weak Reference
    _init_user_alloc                          - Undefined Weak Reference
    _initio                                   - Undefined Weak Reference
    _rand_init                                - Undefined Weak Reference
    _signal_finish                            - Undefined Weak Reference
    _signal_init                              - Undefined Weak Reference
    _terminate_alloc                          - Undefined Weak Reference
    _terminate_user_alloc                     - Undefined Weak Reference
    _terminateio                              - Undefined Weak Reference
    __Vectors_Size                           0x000000ec   Number         0  startup_stm32f103xb.o ABSOLUTE
    __Vectors                                0x08000000   Data           4  startup_stm32f103xb.o(RESET)
    __Vectors_End                            0x080000ec   Data           0  startup_stm32f103xb.o(RESET)
    __main                                   0x080000ed   Thumb Code     8  __main.o(!!!main)
    __scatterload                            0x080000f5   Thumb Code     0  __scatter.o(!!!scatter)
    __scatterload_rt2                        0x080000f5   Thumb Code    44  __scatter.o(!!!scatter)
    __scatterload_rt2_thumb_only             0x080000f5   Thumb Code     0  __scatter.o(!!!scatter)
    __scatterload_null                       0x08000103   Thumb Code     0  __scatter.o(!!!scatter)
    __scatterload_copy                       0x08000129   Thumb Code    26  __scatter_copy.o(!!handler_copy)
    __scatterload_zeroinit                   0x08000145   Thumb Code    28  __scatter_zi.o(!!handler_zi)
    __rt_lib_init                            0x08000161   Thumb Code     0  libinit.o(.ARM.Collect$$libinit$$00000000)
    __rt_lib_init_alloca_1                   0x08000163   Thumb Code     0  libinit2.o(.ARM.Collect$$libinit$$0000002E)
    __rt_lib_init_argv_1                     0x08000163   Thumb Code     0  libinit2.o(.ARM.Collect$$libinit$$0000002C)
    __rt_lib_init_atexit_1                   0x08000163   Thumb Code     0  libinit2.o(.ARM.Collect$$libinit$$0000001B)
    __rt_lib_init_clock_1                    0x08000163   Thumb Code     0  libinit2.o(.ARM.Collect$$libinit$$00000021)
    __rt_lib_init_cpp_1                      0x08000163   Thumb Code     0  libinit2.o(.ARM.Collect$$libinit$$00000032)
    __rt_lib_init_exceptions_1               0x08000163   Thumb Code     0  libinit2.o(.ARM.Collect$$libinit$$00000030)
    __rt_lib_init_fp_1                       0x08000163   Thumb Code     0  libinit2.o(.ARM.Collect$$libinit$$00000002)
    __rt_lib_init_fp_trap_1                  0x08000163   Thumb Code     0  libinit2.o(.ARM.Collect$$libinit$$0000001F)
    __rt_lib_init_getenv_1                   0x08000163   Thumb Code     0  libinit2.o(.ARM.Collect$$libinit$$00000023)
    __rt_lib_init_heap_1                     0x08000163   Thumb Code     0  libinit2.o(.ARM.Collect$$libinit$$0000000A)
    __rt_lib_init_lc_collate_1               0x08000163   Thumb Code     0  libinit2.o(.ARM.Collect$$libinit$$00000011)
    __rt_lib_init_lc_ctype_1                 0x08000163   Thumb Code     0  libinit2.o(.ARM.Collect$$libinit$$00000013)
    __rt_lib_init_lc_monetary_1              0x08000163   Thumb Code     0  libinit2.o(.ARM.Collect$$libinit$$00000015)
    __rt_lib_init_lc_numeric_1               0x08000163   Thumb Code     0  libinit2.o(.ARM.Collect$$libinit$$00000017)
    __rt_lib_init_lc_time_1                  0x08000163   Thumb Code     0  libinit2.o(.ARM.Collect$$libinit$$00000019)
    __rt_lib_init_preinit_1                  0x08000163   Thumb Code     0  libinit2.o(.ARM.Collect$$libinit$$00000004)
    __rt_lib_init_rand_1                     0x08000163   Thumb Code     0  libinit2.o(.ARM.Collect$$libinit$$0000000E)
    __rt_lib_init_return                     0x08000163   Thumb Code     0  libinit2.o(.ARM.Collect$$libinit$$00000033)
    __rt_lib_init_signal_1                   0x08000163   Thumb Code     0  libinit2.o(.ARM.Collect$$libinit$$0000001D)
    __rt_lib_init_stdio_1                    0x08000163   Thumb Code     0  libinit2.o(.ARM.Collect$$libinit$$00000025)
    __rt_lib_init_user_alloc_1               0x08000163   Thumb Code     0  libinit2.o(.ARM.Collect$$libinit$$0000000C)
    __rt_lib_shutdown                        0x08000165   Thumb Code     0  libshutdown.o(.ARM.Collect$$libshutdown$$00000000)
    __rt_lib_shutdown_cpp_1                  0x08000167   Thumb Code     0  libshutdown2.o(.ARM.Collect$$libshutdown$$00000004)
    __rt_lib_shutdown_fini_1                 0x08000167   Thumb Code     0  libshutdown2.o(.ARM.Collect$$libshutdown$$00000002)
    __rt_lib_shutdown_fp_trap_1              0x08000167   Thumb Code     0  libshutdown2.o(.ARM.Collect$$libshutdown$$00000009)
    __rt_lib_shutdown_heap_1                 0x08000167   Thumb Code     0  libshutdown2.o(.ARM.Collect$$libshutdown$$00000011)
    __rt_lib_shutdown_return                 0x08000167   Thumb Code     0  libshutdown2.o(.ARM.Collect$$libshutdown$$00000012)
    __rt_lib_shutdown_signal_1               0x08000167   Thumb Code     0  libshutdown2.o(.ARM.Collect$$libshutdown$$0000000C)
    __rt_lib_shutdown_stdio_1                0x08000167   Thumb Code     0  libshutdown2.o(.ARM.Collect$$libshutdown$$00000006)
    __rt_lib_shutdown_user_alloc_1           0x08000167   Thumb Code     0  libshutdown2.o(.ARM.Collect$$libshutdown$$0000000E)
    __rt_entry                               0x08000169   Thumb Code     0  __rtentry.o(.ARM.Collect$$rtentry$$00000000)
    __rt_entry_presh_1                       0x08000169   Thumb Code     0  __rtentry2.o(.ARM.Collect$$rtentry$$00000002)
    __rt_entry_sh                            0x08000169   Thumb Code     0  __rtentry4.o(.ARM.Collect$$rtentry$$00000004)
    __rt_entry_li                            0x0800016f   Thumb Code     0  __rtentry2.o(.ARM.Collect$$rtentry$$0000000A)
    __rt_entry_postsh_1                      0x0800016f   Thumb Code     0  __rtentry2.o(.ARM.Collect$$rtentry$$00000009)
    __rt_entry_main                          0x08000173   Thumb Code     0  __rtentry2.o(.ARM.Collect$$rtentry$$0000000D)
    __rt_entry_postli_1                      0x08000173   Thumb Code     0  __rtentry2.o(.ARM.Collect$$rtentry$$0000000C)
    __rt_exit                                0x0800017b   Thumb Code     0  rtexit.o(.ARM.Collect$$rtexit$$00000000)
    __rt_exit_ls                             0x0800017d   Thumb Code     0  rtexit2.o(.ARM.Collect$$rtexit$$00000003)
    __rt_exit_prels_1                        0x0800017d   Thumb Code     0  rtexit2.o(.ARM.Collect$$rtexit$$00000002)
    __rt_exit_exit                           0x08000181   Thumb Code     0  rtexit2.o(.ARM.Collect$$rtexit$$00000004)
    SVC_Handler                              0x08000189   Thumb Code    32  port.o(.emb_text)
    __asm___6_port_c_39a90d8d__prvStartFirstTask 0x080001ad   Thumb Code    28  port.o(.emb_text)
    PendSV_Handler                           0x080001cd   Thumb Code    72  port.o(.emb_text)
    vPortGetIPSR                             0x08000219   Thumb Code     6  port.o(.emb_text)
    Reset_Handler                            0x08000221   Thumb Code     8  startup_stm32f103xb.o(.text)
    ADC1_2_IRQHandler                        0x0800023b   Thumb Code     0  startup_stm32f103xb.o(.text)
    CAN1_RX1_IRQHandler                      0x0800023b   Thumb Code     0  startup_stm32f103xb.o(.text)
    CAN1_SCE_IRQHandler                      0x0800023b   Thumb Code     0  startup_stm32f103xb.o(.text)
    DMA1_Channel1_IRQHandler                 0x0800023b   Thumb Code     0  startup_stm32f103xb.o(.text)
    DMA1_Channel2_IRQHandler                 0x0800023b   Thumb Code     0  startup_stm32f103xb.o(.text)
    DMA1_Channel3_IRQHandler                 0x0800023b   Thumb Code     0  startup_stm32f103xb.o(.text)
    DMA1_Channel4_IRQHandler                 0x0800023b   Thumb Code     0  startup_stm32f103xb.o(.text)
    DMA1_Channel5_IRQHandler                 0x0800023b   Thumb Code     0  startup_stm32f103xb.o(.text)
    DMA1_Channel6_IRQHandler                 0x0800023b   Thumb Code     0  startup_stm32f103xb.o(.text)
    DMA1_Channel7_IRQHandler                 0x0800023b   Thumb Code     0  startup_stm32f103xb.o(.text)
    EXTI0_IRQHandler                         0x0800023b   Thumb Code     0  startup_stm32f103xb.o(.text)
    EXTI15_10_IRQHandler                     0x0800023b   Thumb Code     0  startup_stm32f103xb.o(.text)
    EXTI1_IRQHandler                         0x0800023b   Thumb Code     0  startup_stm32f103xb.o(.text)
    EXTI2_IRQHandler                         0x0800023b   Thumb Code     0  startup_stm32f103xb.o(.text)
    EXTI3_IRQHandler                         0x0800023b   Thumb Code     0  startup_stm32f103xb.o(.text)
    EXTI4_IRQHandler                         0x0800023b   Thumb Code     0  startup_stm32f103xb.o(.text)
    EXTI9_5_IRQHandler                       0x0800023b   Thumb Code     0  startup_stm32f103xb.o(.text)
    FLASH_IRQHandler                         0x0800023b   Thumb Code     0  startup_stm32f103xb.o(.text)
    I2C1_ER_IRQHandler                       0x0800023b   Thumb Code     0  startup_stm32f103xb.o(.text)
    I2C1_EV_IRQHandler                       0x0800023b   Thumb Code     0  startup_stm32f103xb.o(.text)
    I2C2_ER_IRQHandler                       0x0800023b   Thumb Code     0  startup_stm32f103xb.o(.text)
    I2C2_EV_IRQHandler                       0x0800023b   Thumb Code     0  startup_stm32f103xb.o(.text)
    PVD_IRQHandler                           0x0800023b   Thumb Code     0  startup_stm32f103xb.o(.text)
    RCC_IRQHandler                           0x0800023b   Thumb Code     0  startup_stm32f103xb.o(.text)
    RTC_Alarm_IRQHandler                     0x0800023b   Thumb Code     0  startup_stm32f103xb.o(.text)
    RTC_IRQHandler                           0x0800023b   Thumb Code     0  startup_stm32f103xb.o(.text)
    SPI1_IRQHandler                          0x0800023b   Thumb Code     0  startup_stm32f103xb.o(.text)
    SPI2_IRQHandler                          0x0800023b   Thumb Code     0  startup_stm32f103xb.o(.text)
    TAMPER_IRQHandler                        0x0800023b   Thumb Code     0  startup_stm32f103xb.o(.text)
    TIM1_BRK_IRQHandler                      0x0800023b   Thumb Code     0  startup_stm32f103xb.o(.text)
    TIM1_CC_IRQHandler                       0x0800023b   Thumb Code     0  startup_stm32f103xb.o(.text)
    TIM1_TRG_COM_IRQHandler                  0x0800023b   Thumb Code     0  startup_stm32f103xb.o(.text)
    TIM1_UP_IRQHandler                       0x0800023b   Thumb Code     0  startup_stm32f103xb.o(.text)
    TIM2_IRQHandler                          0x0800023b   Thumb Code     0  startup_stm32f103xb.o(.text)
    USART1_IRQHandler                        0x0800023b   Thumb Code     0  startup_stm32f103xb.o(.text)
    USART2_IRQHandler                        0x0800023b   Thumb Code     0  startup_stm32f103xb.o(.text)
    USART3_IRQHandler                        0x0800023b   Thumb Code     0  startup_stm32f103xb.o(.text)
    USBWakeUp_IRQHandler                     0x0800023b   Thumb Code     0  startup_stm32f103xb.o(.text)
    USB_HP_CAN1_TX_IRQHandler                0x0800023b   Thumb Code     0  startup_stm32f103xb.o(.text)
    USB_LP_CAN1_RX0_IRQHandler               0x0800023b   Thumb Code     0  startup_stm32f103xb.o(.text)
    WWDG_IRQHandler                          0x0800023b   Thumb Code     0  startup_stm32f103xb.o(.text)
    __user_initial_stackheap                 0x0800023d   Thumb Code     0  startup_stm32f103xb.o(.text)
    __aeabi_memcpy4                          0x08000261   Thumb Code     0  rt_memcpy_w.o(.text)
    __aeabi_memcpy8                          0x08000261   Thumb Code     0  rt_memcpy_w.o(.text)
    __rt_memcpy_w                            0x08000261   Thumb Code   100  rt_memcpy_w.o(.text)
    _memcpy_lastbytes_aligned                0x080002a9   Thumb Code     0  rt_memcpy_w.o(.text)
    __aeabi_memclr4                          0x080002c5   Thumb Code     0  rt_memclr_w.o(.text)
    __aeabi_memclr8                          0x080002c5   Thumb Code     0  rt_memclr_w.o(.text)
    __rt_memclr_w                            0x080002c5   Thumb Code    78  rt_memclr_w.o(.text)
    _memset_w                                0x080002c9   Thumb Code     0  rt_memclr_w.o(.text)
    __use_two_region_memory                  0x08000313   Thumb Code     2  heapauxi.o(.text)
    __rt_heap_escrow$2region                 0x08000315   Thumb Code     2  heapauxi.o(.text)
    __rt_heap_expand$2region                 0x08000317   Thumb Code     2  heapauxi.o(.text)
    __read_errno                             0x08000319   Thumb Code    10  _rserrno.o(.text)
    __set_errno                              0x08000323   Thumb Code    12  _rserrno.o(.text)
    __aeabi_errno_addr                       0x08000331   Thumb Code     8  rt_errno_addr_intlibspace.o(.text)
    __errno$intlibspace                      0x08000331   Thumb Code     0  rt_errno_addr_intlibspace.o(.text)
    __rt_errno_addr$intlibspace              0x08000331   Thumb Code     0  rt_errno_addr_intlibspace.o(.text)
    __user_libspace                          0x08000339   Thumb Code     8  libspace.o(.text)
    __user_perproc_libspace                  0x08000339   Thumb Code     0  libspace.o(.text)
    __user_perthread_libspace                0x08000339   Thumb Code     0  libspace.o(.text)
    __user_setup_stackheap                   0x08000341   Thumb Code    74  sys_stackheap_outer.o(.text)
    exit                                     0x0800038b   Thumb Code    18  exit.o(.text)
    _sys_exit                                0x0800039d   Thumb Code     8  sys_exit.o(.text)
    __I$use$semihosting                      0x080003a9   Thumb Code     0  use_no_semi.o(.text)
    __use_no_semihosting_swi                 0x080003a9   Thumb Code     2  use_no_semi.o(.text)
    BusFault_Handler                         0x080003ab   Thumb Code     2  stm32f1xx_it.o(i.BusFault_Handler)
    __semihosting_library_function           0x080003ab   Thumb Code     0  indicate_semi.o(.text)
    Chassis_task                             0x080003ad   Thumb Code    20  chassis.o(i.Chassis_task)
    DebugMon_Handler                         0x080003c5   Thumb Code     2  stm32f1xx_it.o(i.DebugMon_Handler)
    Encoder_task                             0x080003c9   Thumb Code    26  encoder.o(i.Encoder_task)
    Error_Handler                            0x080003e9   Thumb Code     4  main.o(i.Error_Handler)
    HAL_GPIO_Init                            0x080003ed   Thumb Code   446  stm32f1xx_hal_gpio.o(i.HAL_GPIO_Init)
    HAL_GPIO_TogglePin                       0x080005cd   Thumb Code    16  stm32f1xx_hal_gpio.o(i.HAL_GPIO_TogglePin)
    HAL_GPIO_WritePin                        0x080005dd   Thumb Code    10  stm32f1xx_hal_gpio.o(i.HAL_GPIO_WritePin)
    HAL_GetTick                              0x080005e9   Thumb Code     6  stm32f1xx_hal.o(i.HAL_GetTick)
    HAL_IncTick                              0x080005f5   Thumb Code    12  stm32f1xx_hal.o(i.HAL_IncTick)
    HAL_Init                                 0x08000605   Thumb Code    32  stm32f1xx_hal.o(i.HAL_Init)
    HAL_InitTick                             0x08000629   Thumb Code    54  stm32f1xx_hal.o(i.HAL_InitTick)
    HAL_MspInit                              0x08000669   Thumb Code    62  stm32f1xx_hal_msp.o(i.HAL_MspInit)
    HAL_NVIC_EnableIRQ                       0x080006b1   Thumb Code    26  stm32f1xx_hal_cortex.o(i.HAL_NVIC_EnableIRQ)
    HAL_NVIC_SetPriority                     0x080006cd   Thumb Code    60  stm32f1xx_hal_cortex.o(i.HAL_NVIC_SetPriority)
    HAL_NVIC_SetPriorityGrouping             0x0800070d   Thumb Code    26  stm32f1xx_hal_cortex.o(i.HAL_NVIC_SetPriorityGrouping)
    HAL_RCC_ClockConfig                      0x08000731   Thumb Code   280  stm32f1xx_hal_rcc.o(i.HAL_RCC_ClockConfig)
    HAL_RCC_GetSysClockFreq                  0x0800085d   Thumb Code    58  stm32f1xx_hal_rcc.o(i.HAL_RCC_GetSysClockFreq)
    HAL_RCC_OscConfig                        0x080008a9   Thumb Code   778  stm32f1xx_hal_rcc.o(i.HAL_RCC_OscConfig)
    HAL_SYSTICK_Config                       0x08000bc9   Thumb Code    40  stm32f1xx_hal_cortex.o(i.HAL_SYSTICK_Config)
    HAL_TIMEx_BreakCallback                  0x08000bf1   Thumb Code     2  stm32f1xx_hal_tim_ex.o(i.HAL_TIMEx_BreakCallback)
    HAL_TIMEx_CommutCallback                 0x08000bf3   Thumb Code     2  stm32f1xx_hal_tim_ex.o(i.HAL_TIMEx_CommutCallback)
    HAL_TIMEx_MasterConfigSynchronization    0x08000bf5   Thumb Code    92  stm32f1xx_hal_tim_ex.o(i.HAL_TIMEx_MasterConfigSynchronization)
    HAL_TIM_Encoder_Init                     0x08000c5d   Thumb Code   164  stm32f1xx_hal_tim.o(i.HAL_TIM_Encoder_Init)
    HAL_TIM_Encoder_MspInit                  0x08000d01   Thumb Code   150  tim.o(i.HAL_TIM_Encoder_MspInit)
    HAL_TIM_Encoder_Start                    0x08000dad   Thumb Code   142  stm32f1xx_hal_tim.o(i.HAL_TIM_Encoder_Start)
    HAL_TIM_IC_CaptureCallback               0x08000e3b   Thumb Code     2  stm32f1xx_hal_tim.o(i.HAL_TIM_IC_CaptureCallback)
    HAL_TIM_IRQHandler                       0x08000e3d   Thumb Code   304  stm32f1xx_hal_tim.o(i.HAL_TIM_IRQHandler)
    HAL_TIM_MspPostInit                      0x08000f6d   Thumb Code    62  tim.o(i.HAL_TIM_MspPostInit)
    HAL_TIM_OC_DelayElapsedCallback          0x08000fb5   Thumb Code     2  stm32f1xx_hal_tim.o(i.HAL_TIM_OC_DelayElapsedCallback)
    HAL_TIM_PWM_ConfigChannel                0x08000fb7   Thumb Code   204  stm32f1xx_hal_tim.o(i.HAL_TIM_PWM_ConfigChannel)
    HAL_TIM_PWM_Init                         0x08001083   Thumb Code    90  stm32f1xx_hal_tim.o(i.HAL_TIM_PWM_Init)
    HAL_TIM_PWM_MspInit                      0x080010dd   Thumb Code    30  tim.o(i.HAL_TIM_PWM_MspInit)
    HAL_TIM_PWM_PulseFinishedCallback        0x08001101   Thumb Code     2  stm32f1xx_hal_tim.o(i.HAL_TIM_PWM_PulseFinishedCallback)
    HAL_TIM_PWM_Start                        0x08001105   Thumb Code   144  stm32f1xx_hal_tim.o(i.HAL_TIM_PWM_Start)
    HAL_TIM_PeriodElapsedCallback            0x080011a1   Thumb Code     2  stm32f1xx_hal_tim.o(i.HAL_TIM_PeriodElapsedCallback)
    HAL_TIM_TriggerCallback                  0x080011a3   Thumb Code     2  stm32f1xx_hal_tim.o(i.HAL_TIM_TriggerCallback)
    HardFault_Handler                        0x080011a5   Thumb Code     2  stm32f1xx_it.o(i.HardFault_Handler)
    MX_FREERTOS_Init                         0x080011a9   Thumb Code    96  freertos.o(i.MX_FREERTOS_Init)
    MX_GPIO_Init                             0x08001211   Thumb Code   156  gpio.o(i.MX_GPIO_Init)
    MX_TIM2_Init                             0x080012b9   Thumb Code   122  tim.o(i.MX_TIM2_Init)
    MX_TIM3_Init                             0x08001339   Thumb Code    98  tim.o(i.MX_TIM3_Init)
    MX_TIM4_Init                             0x080013a5   Thumb Code    98  tim.o(i.MX_TIM4_Init)
    MemManage_Handler                        0x08001411   Thumb Code     2  stm32f1xx_it.o(i.MemManage_Handler)
    Motor1_corotation                        0x08001415   Thumb Code    28  motor.o(i.Motor1_corotation)
    Motor1_reversal                          0x08001435   Thumb Code    28  motor.o(i.Motor1_reversal)
    Motor1_stop                              0x08001455   Thumb Code    28  motor.o(i.Motor1_stop)
    Motor2_corotation                        0x08001475   Thumb Code    28  motor.o(i.Motor2_corotation)
    Motor2_reversal                          0x08001495   Thumb Code    28  motor.o(i.Motor2_reversal)
    Motor2_stop                              0x080014b5   Thumb Code    28  motor.o(i.Motor2_stop)
    Motor_task                               0x080014d5   Thumb Code    52  motor.o(i.Motor_task)
    NMI_Handler                              0x0800150d   Thumb Code     2  stm32f1xx_it.o(i.NMI_Handler)
    PID_calc                                 0x0800150f   Thumb Code   280  pid.o(i.PID_calc)
    PID_init                                 0x08001627   Thumb Code    56  pid.o(i.PID_init)
    StartDefaultTask                         0x08001661   Thumb Code    26  freertos.o(i.StartDefaultTask)
    SysTick_Handler                          0x08001681   Thumb Code    24  stm32f1xx_it.o(i.SysTick_Handler)
    SystemClock_Config                       0x08001699   Thumb Code    94  main.o(i.SystemClock_Config)
    SystemInit                               0x080016f7   Thumb Code     2  system_stm32f1xx.o(i.SystemInit)
    TIM3_IRQHandler                          0x080016f9   Thumb Code     6  stm32f1xx_it.o(i.TIM3_IRQHandler)
    TIM4_IRQHandler                          0x08001705   Thumb Code     6  stm32f1xx_it.o(i.TIM4_IRQHandler)
    TIM_Base_SetConfig                       0x08001711   Thumb Code   108  stm32f1xx_hal_tim.o(i.TIM_Base_SetConfig)
    TIM_CCxChannelCmd                        0x08001789   Thumb Code    26  stm32f1xx_hal_tim.o(i.TIM_CCxChannelCmd)
    TIM_OC2_SetConfig                        0x080017f5   Thumb Code    84  stm32f1xx_hal_tim.o(i.TIM_OC2_SetConfig)
    UsageFault_Handler                       0x080018e9   Thumb Code     2  stm32f1xx_it.o(i.UsageFault_Handler)
    __ARM_fpclassify                         0x080018eb   Thumb Code    40  fpclassify.o(i.__ARM_fpclassify)
    __ieee754_rem_pio2                       0x08001935   Thumb Code   828  rred.o(i.__ieee754_rem_pio2)
    __kernel_cos                             0x08001cbd   Thumb Code   230  cos_i.o(i.__kernel_cos)
    __kernel_poly                            0x08001db9   Thumb Code   170  poly.o(i.__kernel_poly)
    __kernel_sin                             0x08001e65   Thumb Code   224  sin_i.o(i.__kernel_sin)
    __mathlib_dbl_divzero                    0x08001f51   Thumb Code    12  dunder.o(i.__mathlib_dbl_divzero)
    __mathlib_dbl_infnan                     0x08001f61   Thumb Code     6  dunder.o(i.__mathlib_dbl_infnan)
    __mathlib_dbl_infnan2                    0x08001f67   Thumb Code     4  dunder.o(i.__mathlib_dbl_infnan2)
    __mathlib_dbl_invalid                    0x08001f6b   Thumb Code    12  dunder.o(i.__mathlib_dbl_invalid)
    __mathlib_dbl_overflow                   0x08001f77   Thumb Code    14  dunder.o(i.__mathlib_dbl_overflow)
    __mathlib_dbl_underflow                  0x08001f85   Thumb Code    10  dunder.o(i.__mathlib_dbl_underflow)
    atan                                     0x08001f95   Thumb Code   474  atan.o(i.atan)
    atan2                                    0x080021b5   Thumb Code   374  atan2.o(i.atan2)
    chassis_arc_count                        0x08002351   Thumb Code    72  chassis.o(i.chassis_arc_count)
    chassis_control_loop                     0x080023a5   Thumb Code    58  chassis.o(i.chassis_control_loop)
    chassis_init                             0x080023e1   Thumb Code    82  chassis.o(i.chassis_init)
    chassis_move_back_decomposition          0x08002445   Thumb Code   160  chassis.o(i.chassis_move_back_decomposition)
    chassis_move_forward_decomposition       0x080024ed   Thumb Code    36  chassis.o(i.chassis_move_forward_decomposition)
    chassis_position_count                   0x08002511   Thumb Code   288  chassis.o(i.chassis_position_count)
    cos                                      0x08002635   Thumb Code   148  cos.o(i.cos)
    encoder_control_loop                     0x080026d1   Thumb Code    40  encoder.o(i.encoder_control_loop)
    encoder_feedback                         0x080026f9   Thumb Code    40  encoder.o(i.encoder_feedback)
    encoder_init                             0x08002729   Thumb Code    26  encoder.o(i.encoder_init)
    encoder_len_count                        0x0800274d   Thumb Code    88  encoder.o(i.encoder_len_count)
    encoder_rate_count                       0x080027b5   Thumb Code    62  encoder.o(i.encoder_rate_count)
    get_chassis_para_point                   0x08002801   Thumb Code     4  chassis.o(i.get_chassis_para_point)
    get_encoder_para_point                   0x08002809   Thumb Code     4  encoder.o(i.get_encoder_para_point)
    main                                     0x08002811   Thumb Code    34  main.o(i.main)
    motor_controller                         0x08002841   Thumb Code   114  motor.o(i.motor_controller)
    motor_feedback                           0x080028bd   Thumb Code    28  motor.o(i.motor_feedback)
    motor_init                               0x080028d9   Thumb Code    82  motor.o(i.motor_init)
    motor_start                              0x08002939   Thumb Code    22  motor.o(i.motor_start)
    osDelay                                  0x08002955   Thumb Code    14  cmsis_os.o(i.osDelay)
    osKernelStart                            0x08002963   Thumb Code    10  cmsis_os.o(i.osKernelStart)
    osThreadCreate                           0x0800296d   Thumb Code    84  cmsis_os.o(i.osThreadCreate)
    pow                                      0x080029c1   Thumb Code  2512  pow.o(i.pow)
    pvPortMalloc                             0x080036e5   Thumb Code   216  heap_4.o(i.pvPortMalloc)
    pxPortInitialiseStack                    0x080037c1   Thumb Code    32  port.o(i.pxPortInitialiseStack)
    sin                                      0x080037e5   Thumb Code   150  sin.o(i.sin)
    sqrt                                     0x08003885   Thumb Code    76  sqrt.o(i.sqrt)
    uxListRemove                             0x080038d1   Thumb Code    38  list.o(i.uxListRemove)
    vApplicationGetIdleTaskMemory            0x080038f9   Thumb Code    16  freertos.o(i.vApplicationGetIdleTaskMemory)
    vListInitialise                          0x0800390d   Thumb Code    22  list.o(i.vListInitialise)
    vListInitialiseItem                      0x08003923   Thumb Code     6  list.o(i.vListInitialiseItem)
    vListInsert                              0x08003929   Thumb Code    48  list.o(i.vListInsert)
    vListInsertEnd                           0x08003959   Thumb Code    24  list.o(i.vListInsertEnd)
    vPortEnterCritical                       0x08003971   Thumb Code    54  port.o(i.vPortEnterCritical)
    vPortExitCritical                        0x080039b1   Thumb Code    34  port.o(i.vPortExitCritical)
    vPortFree                                0x080039d9   Thumb Code    94  heap_4.o(i.vPortFree)
    vPortSetupTimerInterrupt                 0x08003a3d   Thumb Code    32  port.o(i.vPortSetupTimerInterrupt)
    vTaskDelay                               0x08003a61   Thumb Code    66  tasks.o(i.vTaskDelay)
    vTaskStartScheduler                      0x08003aad   Thumb Code    90  tasks.o(i.vTaskStartScheduler)
    vTaskSuspendAll                          0x08003b19   Thumb Code    10  tasks.o(i.vTaskSuspendAll)
    vTaskSwitchContext                       0x08003b29   Thumb Code    82  tasks.o(i.vTaskSwitchContext)
    xPortStartScheduler                      0x08003b85   Thumb Code   154  port.o(i.xPortStartScheduler)
    xPortSysTickHandler                      0x08003c2d   Thumb Code    38  port.o(i.xPortSysTickHandler)
    xTaskCreate                              0x08003c59   Thumb Code    90  tasks.o(i.xTaskCreate)
    xTaskCreateStatic                        0x08003cb3   Thumb Code    86  tasks.o(i.xTaskCreateStatic)
    xTaskGetSchedulerState                   0x08003d09   Thumb Code    22  tasks.o(i.xTaskGetSchedulerState)
    xTaskIncrementTick                       0x08003d25   Thumb Code   194  tasks.o(i.xTaskIncrementTick)
    xTaskResumeAll                           0x08003df1   Thumb Code   182  tasks.o(i.xTaskResumeAll)
    __aeabi_d2f                              0x08003eb5   Thumb Code     0  d2f.o(x$fpl$d2f)
    _d2f                                     0x08003eb5   Thumb Code    98  d2f.o(x$fpl$d2f)
    __aeabi_dadd                             0x08003f19   Thumb Code     0  daddsub_clz.o(x$fpl$dadd)
    _dadd                                    0x08003f19   Thumb Code   332  daddsub_clz.o(x$fpl$dadd)
    __fpl_dcheck_NaN1                        0x08004069   Thumb Code    10  dcheck1.o(x$fpl$dcheck1)
    __fpl_dcmp_Inf                           0x08004079   Thumb Code    24  dcmpi.o(x$fpl$dcmpinf)
    __aeabi_ddiv                             0x08004091   Thumb Code     0  ddiv.o(x$fpl$ddiv)
    _ddiv                                    0x08004091   Thumb Code   552  ddiv.o(x$fpl$ddiv)
    __aeabi_cdcmpeq                          0x08004341   Thumb Code     0  deqf.o(x$fpl$deqf)
    _dcmpeq                                  0x08004341   Thumb Code   120  deqf.o(x$fpl$deqf)
    __aeabi_d2iz                             0x080043b9   Thumb Code     0  dfix.o(x$fpl$dfix)
    _dfix                                    0x080043b9   Thumb Code    94  dfix.o(x$fpl$dfix)
    __aeabi_i2d                              0x08004417   Thumb Code     0  dflt_clz.o(x$fpl$dflt)
    _dflt                                    0x08004417   Thumb Code    46  dflt_clz.o(x$fpl$dflt)
    __aeabi_ui2d                             0x08004445   Thumb Code     0  dflt_clz.o(x$fpl$dfltu)
    _dfltu                                   0x08004445   Thumb Code    38  dflt_clz.o(x$fpl$dfltu)
    __aeabi_cdcmple                          0x0800446d   Thumb Code     0  dleqf.o(x$fpl$dleqf)
    _dcmple                                  0x0800446d   Thumb Code   120  dleqf.o(x$fpl$dleqf)
    __fpl_dcmple_InfNaN                      0x080044cf   Thumb Code     0  dleqf.o(x$fpl$dleqf)
    __aeabi_dmul                             0x080044e5   Thumb Code     0  dmul.o(x$fpl$dmul)
    _dmul                                    0x080044e5   Thumb Code   332  dmul.o(x$fpl$dmul)
    __fpl_dnaninf                            0x08004639   Thumb Code   156  dnaninf.o(x$fpl$dnaninf)
    __fpl_dretinf                            0x080046d5   Thumb Code    12  dretinf.o(x$fpl$dretinf)
    __aeabi_cdrcmple                         0x080046e1   Thumb Code     0  drleqf.o(x$fpl$drleqf)
    _drcmple                                 0x080046e1   Thumb Code   108  drleqf.o(x$fpl$drleqf)
    __aeabi_drsub                            0x0800474d   Thumb Code     0  daddsub_clz.o(x$fpl$drsb)
    _drsb                                    0x0800474d   Thumb Code    22  daddsub_clz.o(x$fpl$drsb)
    _dsqrt                                   0x08004765   Thumb Code   456  dsqrt_noumaal.o(x$fpl$dsqrt)
    __aeabi_dsub                             0x08004931   Thumb Code     0  daddsub_clz.o(x$fpl$dsub)
    _dsub                                    0x08004931   Thumb Code   464  daddsub_clz.o(x$fpl$dsub)
    __aeabi_f2d                              0x08004b05   Thumb Code     0  f2d.o(x$fpl$f2d)
    _f2d                                     0x08004b05   Thumb Code    86  f2d.o(x$fpl$f2d)
    __aeabi_fadd                             0x08004b5d   Thumb Code     0  faddsub_clz.o(x$fpl$fadd)
    _fadd                                    0x08004b5d   Thumb Code   196  faddsub_clz.o(x$fpl$fadd)
    __fpl_fcheck_NaN1                        0x08004c21   Thumb Code     6  fcheck1.o(x$fpl$fcheck1)
    __fpl_fcmp_Inf                           0x08004c2d   Thumb Code    24  fcmpi.o(x$fpl$fcmpinf)
    __aeabi_fdiv                             0x08004c45   Thumb Code     0  fdiv.o(x$fpl$fdiv)
    _fdiv                                    0x08004c45   Thumb Code   384  fdiv.o(x$fpl$fdiv)
    __aeabi_f2uiz                            0x08004dc9   Thumb Code     0  ffixu.o(x$fpl$ffixu)
    _ffixu                                   0x08004dc9   Thumb Code    62  ffixu.o(x$fpl$ffixu)
    __aeabi_i2f                              0x08004e09   Thumb Code     0  fflt_clz.o(x$fpl$fflt)
    _fflt                                    0x08004e09   Thumb Code    48  fflt_clz.o(x$fpl$fflt)
    __aeabi_ui2f                             0x08004e39   Thumb Code     0  fflt_clz.o(x$fpl$ffltu)
    _ffltu                                   0x08004e39   Thumb Code    38  fflt_clz.o(x$fpl$ffltu)
    __aeabi_cfcmple                          0x08004e61   Thumb Code     0  fleqf.o(x$fpl$fleqf)
    _fcmple                                  0x08004e61   Thumb Code   104  fleqf.o(x$fpl$fleqf)
    __fpl_fcmple_InfNaN                      0x08004eb3   Thumb Code     0  fleqf.o(x$fpl$fleqf)
    __aeabi_fmul                             0x08004ec9   Thumb Code     0  fmul.o(x$fpl$fmul)
    _fmul                                    0x08004ec9   Thumb Code   258  fmul.o(x$fpl$fmul)
    __fpl_fnaninf                            0x08004fcb   Thumb Code   140  fnaninf.o(x$fpl$fnaninf)
    __fpl_fretinf                            0x08005057   Thumb Code    10  fretinf.o(x$fpl$fretinf)
    __aeabi_cfrcmple                         0x08005061   Thumb Code     0  frleqf.o(x$fpl$frleqf)
    _frcmple                                 0x08005061   Thumb Code    98  frleqf.o(x$fpl$frleqf)
    __aeabi_frsub                            0x080050c3   Thumb Code     0  faddsub_clz.o(x$fpl$frsb)
    _frsb                                    0x080050c3   Thumb Code    20  faddsub_clz.o(x$fpl$frsb)
    __aeabi_fsub                             0x080050d9   Thumb Code     0  faddsub_clz.o(x$fpl$fsub)
    _fsub                                    0x080050d9   Thumb Code   234  faddsub_clz.o(x$fpl$fsub)
    __fpl_return_NaN                         0x080051c3   Thumb Code   100  retnan.o(x$fpl$retnan)
    __ARM_scalbn                             0x08005227   Thumb Code    92  scalbn.o(x$fpl$scalbn)
    __ARM_scalbnf                            0x08005283   Thumb Code    76  scalbnf.o(x$fpl$scalbnf)
    __fpl_cmpreturn                          0x080052cf   Thumb Code    48  trapv.o(x$fpl$trapveneer)
    __I$use$fp                               0x080052fe   Number         0  usenofp.o(x$fpl$usenofp)
    AHBPrescTable                            0x08005370   Data          16  system_stm32f1xx.o(.constdata)
    __mathlib_zero                           0x08005518   Data           8  qnan.o(.constdata)
    Region$$Table$$Base                      0x08005640   Number         0  anon$$obj.o(Region$$Table)
    Region$$Table$$Limit                     0x08005660   Number         0  anon$$obj.o(Region$$Table)
    defaultTaskHandle                        0x20000000   Data           4  freertos.o(.data)
    motorTaskHandle                          0x20000004   Data           4  freertos.o(.data)
    chassisTaskHandle                        0x20000008   Data           4  freertos.o(.data)
    encoderTaskHandle                        0x2000000c   Data           4  freertos.o(.data)
    SystemCoreClock                          0x20000010   Data           4  system_stm32f1xx.o(.data)
    uwTickFreq                               0x20000014   Data           1  stm32f1xx_hal.o(.data)
    uwTickPrio                               0x20000018   Data           4  stm32f1xx_hal.o(.data)
    uwTick                                   0x2000001c   Data           4  stm32f1xx_hal.o(.data)
    pxCurrentTCB                             0x20000020   Data           4  tasks.o(.data)
    htim2                                    0x200002dc   Data          72  tim.o(.bss)
    htim3                                    0x20000324   Data          72  tim.o(.bss)
    htim4                                    0x2000036c   Data          72  tim.o(.bss)
    all_motor_para                           0x200003b4   Data         184  motor.o(.bss)
    chassis_para                             0x2000046c   Data         224  chassis.o(.bss)
    all_encoder_para                         0x2000054c   Data          52  encoder.o(.bss)
    __libspace_start                         0x20001270   Data          96  libspace.o(.bss)
    __temporary_stack_top$libspace           0x200012d0   Data           0  libspace.o(.bss)



==============================================================================

Memory Map of the image

  Image Entry point : 0x080000ed

  Load Region LR_IROM1 (Base: 0x08000000, Size: 0x000056e8, Max: 0x00010000, ABSOLUTE)

    Execution Region ER_IROM1 (Exec base: 0x08000000, Load base: 0x08000000, Size: 0x00005660, Max: 0x00010000, ABSOLUTE)

    Exec Addr    Load Addr    Size         Type   Attr      Idx    E Section Name        Object

    0x08000000   0x08000000   0x000000ec   Data   RO            3    RESET               startup_stm32f103xb.o
    0x080000ec   0x080000ec   0x00000008   Code   RO         4130  * !!!main             c_w.l(__main.o)
    0x080000f4   0x080000f4   0x00000034   Code   RO         4468    !!!scatter          c_w.l(__scatter.o)
    0x08000128   0x08000128   0x0000001a   Code   RO         4470    !!handler_copy      c_w.l(__scatter_copy.o)
    0x08000142   0x08000142   0x00000002   PAD
    0x08000144   0x08000144   0x0000001c   Code   RO         4472    !!handler_zi        c_w.l(__scatter_zi.o)
    0x08000160   0x08000160   0x00000002   Code   RO         4337    .ARM.Collect$$libinit$$00000000  c_w.l(libinit.o)
    0x08000162   0x08000162   0x00000000   Code   RO         4343    .ARM.Collect$$libinit$$00000002  c_w.l(libinit2.o)
    0x08000162   0x08000162   0x00000000   Code   RO         4345    .ARM.Collect$$libinit$$00000004  c_w.l(libinit2.o)
    0x08000162   0x08000162   0x00000000   Code   RO         4348    .ARM.Collect$$libinit$$0000000A  c_w.l(libinit2.o)
    0x08000162   0x08000162   0x00000000   Code   RO         4350    .ARM.Collect$$libinit$$0000000C  c_w.l(libinit2.o)
    0x08000162   0x08000162   0x00000000   Code   RO         4352    .ARM.Collect$$libinit$$0000000E  c_w.l(libinit2.o)
    0x08000162   0x08000162   0x00000000   Code   RO         4355    .ARM.Collect$$libinit$$00000011  c_w.l(libinit2.o)
    0x08000162   0x08000162   0x00000000   Code   RO         4357    .ARM.Collect$$libinit$$00000013  c_w.l(libinit2.o)
    0x08000162   0x08000162   0x00000000   Code   RO         4359    .ARM.Collect$$libinit$$00000015  c_w.l(libinit2.o)
    0x08000162   0x08000162   0x00000000   Code   RO         4361    .ARM.Collect$$libinit$$00000017  c_w.l(libinit2.o)
    0x08000162   0x08000162   0x00000000   Code   RO         4363    .ARM.Collect$$libinit$$00000019  c_w.l(libinit2.o)
    0x08000162   0x08000162   0x00000000   Code   RO         4365    .ARM.Collect$$libinit$$0000001B  c_w.l(libinit2.o)
    0x08000162   0x08000162   0x00000000   Code   RO         4367    .ARM.Collect$$libinit$$0000001D  c_w.l(libinit2.o)
    0x08000162   0x08000162   0x00000000   Code   RO         4369    .ARM.Collect$$libinit$$0000001F  c_w.l(libinit2.o)
    0x08000162   0x08000162   0x00000000   Code   RO         4371    .ARM.Collect$$libinit$$00000021  c_w.l(libinit2.o)
    0x08000162   0x08000162   0x00000000   Code   RO         4373    .ARM.Collect$$libinit$$00000023  c_w.l(libinit2.o)
    0x08000162   0x08000162   0x00000000   Code   RO         4375    .ARM.Collect$$libinit$$00000025  c_w.l(libinit2.o)
    0x08000162   0x08000162   0x00000000   Code   RO         4379    .ARM.Collect$$libinit$$0000002C  c_w.l(libinit2.o)
    0x08000162   0x08000162   0x00000000   Code   RO         4381    .ARM.Collect$$libinit$$0000002E  c_w.l(libinit2.o)
    0x08000162   0x08000162   0x00000000   Code   RO         4383    .ARM.Collect$$libinit$$00000030  c_w.l(libinit2.o)
    0x08000162   0x08000162   0x00000000   Code   RO         4385    .ARM.Collect$$libinit$$00000032  c_w.l(libinit2.o)
    0x08000162   0x08000162   0x00000002   Code   RO         4386    .ARM.Collect$$libinit$$00000033  c_w.l(libinit2.o)
    0x08000164   0x08000164   0x00000002   Code   RO         4406    .ARM.Collect$$libshutdown$$00000000  c_w.l(libshutdown.o)
    0x08000166   0x08000166   0x00000000   Code   RO         4419    .ARM.Collect$$libshutdown$$00000002  c_w.l(libshutdown2.o)
    0x08000166   0x08000166   0x00000000   Code   RO         4421    .ARM.Collect$$libshutdown$$00000004  c_w.l(libshutdown2.o)
    0x08000166   0x08000166   0x00000000   Code   RO         4423    .ARM.Collect$$libshutdown$$00000006  c_w.l(libshutdown2.o)
    0x08000166   0x08000166   0x00000000   Code   RO         4426    .ARM.Collect$$libshutdown$$00000009  c_w.l(libshutdown2.o)
    0x08000166   0x08000166   0x00000000   Code   RO         4429    .ARM.Collect$$libshutdown$$0000000C  c_w.l(libshutdown2.o)
    0x08000166   0x08000166   0x00000000   Code   RO         4431    .ARM.Collect$$libshutdown$$0000000E  c_w.l(libshutdown2.o)
    0x08000166   0x08000166   0x00000000   Code   RO         4434    .ARM.Collect$$libshutdown$$00000011  c_w.l(libshutdown2.o)
    0x08000166   0x08000166   0x00000002   Code   RO         4435    .ARM.Collect$$libshutdown$$00000012  c_w.l(libshutdown2.o)
    0x08000168   0x08000168   0x00000000   Code   RO         4210    .ARM.Collect$$rtentry$$00000000  c_w.l(__rtentry.o)
    0x08000168   0x08000168   0x00000000   Code   RO         4294    .ARM.Collect$$rtentry$$00000002  c_w.l(__rtentry2.o)
    0x08000168   0x08000168   0x00000006   Code   RO         4306    .ARM.Collect$$rtentry$$00000004  c_w.l(__rtentry4.o)
    0x0800016e   0x0800016e   0x00000000   Code   RO         4296    .ARM.Collect$$rtentry$$00000009  c_w.l(__rtentry2.o)
    0x0800016e   0x0800016e   0x00000004   Code   RO         4297    .ARM.Collect$$rtentry$$0000000A  c_w.l(__rtentry2.o)
    0x08000172   0x08000172   0x00000000   Code   RO         4299    .ARM.Collect$$rtentry$$0000000C  c_w.l(__rtentry2.o)
    0x08000172   0x08000172   0x00000008   Code   RO         4300    .ARM.Collect$$rtentry$$0000000D  c_w.l(__rtentry2.o)
    0x0800017a   0x0800017a   0x00000002   Code   RO         4340    .ARM.Collect$$rtexit$$00000000  c_w.l(rtexit.o)
    0x0800017c   0x0800017c   0x00000000   Code   RO         4388    .ARM.Collect$$rtexit$$00000002  c_w.l(rtexit2.o)
    0x0800017c   0x0800017c   0x00000004   Code   RO         4389    .ARM.Collect$$rtexit$$00000003  c_w.l(rtexit2.o)
    0x08000180   0x08000180   0x00000006   Code   RO         4390    .ARM.Collect$$rtexit$$00000004  c_w.l(rtexit2.o)
    0x08000186   0x08000186   0x00000002   PAD
    0x08000188   0x08000188   0x00000096   Code   RO         4039    .emb_text           port.o
    0x0800021e   0x0800021e   0x00000002   PAD
    0x08000220   0x08000220   0x00000040   Code   RO            4    .text               startup_stm32f103xb.o
    0x08000260   0x08000260   0x00000064   Code   RO         4122    .text               c_w.l(rt_memcpy_w.o)
    0x080002c4   0x080002c4   0x0000004e   Code   RO         4126    .text               c_w.l(rt_memclr_w.o)
    0x08000312   0x08000312   0x00000006   Code   RO         4128    .text               c_w.l(heapauxi.o)
    0x08000318   0x08000318   0x00000016   Code   RO         4211    .text               c_w.l(_rserrno.o)
    0x0800032e   0x0800032e   0x00000002   PAD
    0x08000330   0x08000330   0x00000008   Code   RO         4311    .text               c_w.l(rt_errno_addr_intlibspace.o)
    0x08000338   0x08000338   0x00000008   Code   RO         4325    .text               c_w.l(libspace.o)
    0x08000340   0x08000340   0x0000004a   Code   RO         4328    .text               c_w.l(sys_stackheap_outer.o)
    0x0800038a   0x0800038a   0x00000012   Code   RO         4330    .text               c_w.l(exit.o)
    0x0800039c   0x0800039c   0x0000000c   Code   RO         4398    .text               c_w.l(sys_exit.o)
    0x080003a8   0x080003a8   0x00000002   Code   RO         4409    .text               c_w.l(use_no_semi.o)
    0x080003aa   0x080003aa   0x00000000   Code   RO         4411    .text               c_w.l(indicate_semi.o)
    0x080003aa   0x080003aa   0x00000002   Code   RO          361    i.BusFault_Handler  stm32f1xx_it.o
    0x080003ac   0x080003ac   0x00000018   Code   RO          601    i.Chassis_task      chassis.o
    0x080003c4   0x080003c4   0x00000002   Code   RO          362    i.DebugMon_Handler  stm32f1xx_it.o
    0x080003c6   0x080003c6   0x00000002   PAD
    0x080003c8   0x080003c8   0x00000020   Code   RO          674    i.Encoder_task      encoder.o
    0x080003e8   0x080003e8   0x00000004   Code   RO           13    i.Error_Handler     main.o
    0x080003ec   0x080003ec   0x000001e0   Code   RO         1185    i.HAL_GPIO_Init     stm32f1xx_hal_gpio.o
    0x080005cc   0x080005cc   0x00000010   Code   RO         1188    i.HAL_GPIO_TogglePin  stm32f1xx_hal_gpio.o
    0x080005dc   0x080005dc   0x0000000a   Code   RO         1189    i.HAL_GPIO_WritePin  stm32f1xx_hal_gpio.o
    0x080005e6   0x080005e6   0x00000002   PAD
    0x080005e8   0x080005e8   0x0000000c   Code   RO          879    i.HAL_GetTick       stm32f1xx_hal.o
    0x080005f4   0x080005f4   0x00000010   Code   RO          885    i.HAL_IncTick       stm32f1xx_hal.o
    0x08000604   0x08000604   0x00000024   Code   RO          886    i.HAL_Init          stm32f1xx_hal.o
    0x08000628   0x08000628   0x00000040   Code   RO          887    i.HAL_InitTick      stm32f1xx_hal.o
    0x08000668   0x08000668   0x00000048   Code   RO          437    i.HAL_MspInit       stm32f1xx_hal_msp.o
    0x080006b0   0x080006b0   0x0000001a   Code   RO         1345    i.HAL_NVIC_EnableIRQ  stm32f1xx_hal_cortex.o
    0x080006ca   0x080006ca   0x00000002   PAD
    0x080006cc   0x080006cc   0x00000040   Code   RO         1351    i.HAL_NVIC_SetPriority  stm32f1xx_hal_cortex.o
    0x0800070c   0x0800070c   0x00000024   Code   RO         1352    i.HAL_NVIC_SetPriorityGrouping  stm32f1xx_hal_cortex.o
    0x08000730   0x08000730   0x0000012c   Code   RO         1043    i.HAL_RCC_ClockConfig  stm32f1xx_hal_rcc.o
    0x0800085c   0x0800085c   0x0000004c   Code   RO         1052    i.HAL_RCC_GetSysClockFreq  stm32f1xx_hal_rcc.o
    0x080008a8   0x080008a8   0x00000320   Code   RO         1055    i.HAL_RCC_OscConfig  stm32f1xx_hal_rcc.o
    0x08000bc8   0x08000bc8   0x00000028   Code   RO         1356    i.HAL_SYSTICK_Config  stm32f1xx_hal_cortex.o
    0x08000bf0   0x08000bf0   0x00000002   Code   RO         2551    i.HAL_TIMEx_BreakCallback  stm32f1xx_hal_tim_ex.o
    0x08000bf2   0x08000bf2   0x00000002   Code   RO         2552    i.HAL_TIMEx_CommutCallback  stm32f1xx_hal_tim_ex.o
    0x08000bf4   0x08000bf4   0x00000068   Code   RO         2570    i.HAL_TIMEx_MasterConfigSynchronization  stm32f1xx_hal_tim_ex.o
    0x08000c5c   0x08000c5c   0x000000a4   Code   RO         1868    i.HAL_TIM_Encoder_Init  stm32f1xx_hal_tim.o
    0x08000d00   0x08000d00   0x000000ac   Code   RO          290    i.HAL_TIM_Encoder_MspInit  tim.o
    0x08000dac   0x08000dac   0x0000008e   Code   RO         1871    i.HAL_TIM_Encoder_Start  stm32f1xx_hal_tim.o
    0x08000e3a   0x08000e3a   0x00000002   Code   RO         1881    i.HAL_TIM_IC_CaptureCallback  stm32f1xx_hal_tim.o
    0x08000e3c   0x08000e3c   0x00000130   Code   RO         1895    i.HAL_TIM_IRQHandler  stm32f1xx_hal_tim.o
    0x08000f6c   0x08000f6c   0x00000048   Code   RO          291    i.HAL_TIM_MspPostInit  tim.o
    0x08000fb4   0x08000fb4   0x00000002   Code   RO         1898    i.HAL_TIM_OC_DelayElapsedCallback  stm32f1xx_hal_tim.o
    0x08000fb6   0x08000fb6   0x000000cc   Code   RO         1919    i.HAL_TIM_PWM_ConfigChannel  stm32f1xx_hal_tim.o
    0x08001082   0x08001082   0x0000005a   Code   RO         1922    i.HAL_TIM_PWM_Init  stm32f1xx_hal_tim.o
    0x080010dc   0x080010dc   0x00000024   Code   RO          293    i.HAL_TIM_PWM_MspInit  tim.o
    0x08001100   0x08001100   0x00000002   Code   RO         1925    i.HAL_TIM_PWM_PulseFinishedCallback  stm32f1xx_hal_tim.o
    0x08001102   0x08001102   0x00000002   PAD
    0x08001104   0x08001104   0x0000009c   Code   RO         1927    i.HAL_TIM_PWM_Start  stm32f1xx_hal_tim.o
    0x080011a0   0x080011a0   0x00000002   Code   RO         1933    i.HAL_TIM_PeriodElapsedCallback  stm32f1xx_hal_tim.o
    0x080011a2   0x080011a2   0x00000002   Code   RO         1938    i.HAL_TIM_TriggerCallback  stm32f1xx_hal_tim.o
    0x080011a4   0x080011a4   0x00000002   Code   RO          363    i.HardFault_Handler  stm32f1xx_it.o
    0x080011a6   0x080011a6   0x00000002   PAD
    0x080011a8   0x080011a8   0x00000068   Code   RO          207    i.MX_FREERTOS_Init  freertos.o
    0x08001210   0x08001210   0x000000a8   Code   RO          183    i.MX_GPIO_Init      gpio.o
    0x080012b8   0x080012b8   0x00000080   Code   RO          294    i.MX_TIM2_Init      tim.o
    0x08001338   0x08001338   0x0000006c   Code   RO          295    i.MX_TIM3_Init      tim.o
    0x080013a4   0x080013a4   0x0000006c   Code   RO          296    i.MX_TIM4_Init      tim.o
    0x08001410   0x08001410   0x00000002   Code   RO          364    i.MemManage_Handler  stm32f1xx_it.o
    0x08001412   0x08001412   0x00000002   PAD
    0x08001414   0x08001414   0x00000020   Code   RO          499    i.Motor1_corotation  motor.o
    0x08001434   0x08001434   0x00000020   Code   RO          500    i.Motor1_reversal   motor.o
    0x08001454   0x08001454   0x00000020   Code   RO          501    i.Motor1_stop       motor.o
    0x08001474   0x08001474   0x00000020   Code   RO          502    i.Motor2_corotation  motor.o
    0x08001494   0x08001494   0x00000020   Code   RO          503    i.Motor2_reversal   motor.o
    0x080014b4   0x080014b4   0x00000020   Code   RO          504    i.Motor2_stop       motor.o
    0x080014d4   0x080014d4   0x00000038   Code   RO          505    i.Motor_task        motor.o
    0x0800150c   0x0800150c   0x00000002   Code   RO          365    i.NMI_Handler       stm32f1xx_it.o
    0x0800150e   0x0800150e   0x00000118   Code   RO          739    i.PID_calc          pid.o
    0x08001626   0x08001626   0x00000038   Code   RO          741    i.PID_init          pid.o
    0x0800165e   0x0800165e   0x00000002   PAD
    0x08001660   0x08001660   0x00000020   Code   RO          208    i.StartDefaultTask  freertos.o
    0x08001680   0x08001680   0x00000018   Code   RO          366    i.SysTick_Handler   stm32f1xx_it.o
    0x08001698   0x08001698   0x0000005e   Code   RO           14    i.SystemClock_Config  main.o
    0x080016f6   0x080016f6   0x00000002   Code   RO          462    i.SystemInit        system_stm32f1xx.o
    0x080016f8   0x080016f8   0x0000000c   Code   RO          367    i.TIM3_IRQHandler   stm32f1xx_it.o
    0x08001704   0x08001704   0x0000000c   Code   RO          368    i.TIM4_IRQHandler   stm32f1xx_it.o
    0x08001710   0x08001710   0x00000078   Code   RO         1940    i.TIM_Base_SetConfig  stm32f1xx_hal_tim.o
    0x08001788   0x08001788   0x0000001a   Code   RO         1941    i.TIM_CCxChannelCmd  stm32f1xx_hal_tim.o
    0x080017a2   0x080017a2   0x00000002   PAD
    0x080017a4   0x080017a4   0x00000050   Code   RO         1953    i.TIM_OC1_SetConfig  stm32f1xx_hal_tim.o
    0x080017f4   0x080017f4   0x00000058   Code   RO         1954    i.TIM_OC2_SetConfig  stm32f1xx_hal_tim.o
    0x0800184c   0x0800184c   0x00000058   Code   RO         1955    i.TIM_OC3_SetConfig  stm32f1xx_hal_tim.o
    0x080018a4   0x080018a4   0x00000044   Code   RO         1956    i.TIM_OC4_SetConfig  stm32f1xx_hal_tim.o
    0x080018e8   0x080018e8   0x00000002   Code   RO          369    i.UsageFault_Handler  stm32f1xx_it.o
    0x080018ea   0x080018ea   0x00000028   Code   RO         4277    i.__ARM_fpclassify  m_ws.l(fpclassify.o)
    0x08001912   0x08001912   0x00000020   Code   RO         1358    i.__NVIC_SetPriority  stm32f1xx_hal_cortex.o
    0x08001932   0x08001932   0x00000002   PAD
    0x08001934   0x08001934   0x00000388   Code   RO         4282    i.__ieee754_rem_pio2  m_ws.l(rred.o)
    0x08001cbc   0x08001cbc   0x000000fc   Code   RO         4260    i.__kernel_cos      m_ws.l(cos_i.o)
    0x08001db8   0x08001db8   0x000000aa   Code   RO         4279    i.__kernel_poly     m_ws.l(poly.o)
    0x08001e62   0x08001e62   0x00000002   PAD
    0x08001e64   0x08001e64   0x000000ec   Code   RO         4287    i.__kernel_sin      m_ws.l(sin_i.o)
    0x08001f50   0x08001f50   0x00000010   Code   RO         4263    i.__mathlib_dbl_divzero  m_ws.l(dunder.o)
    0x08001f60   0x08001f60   0x00000006   Code   RO         4264    i.__mathlib_dbl_infnan  m_ws.l(dunder.o)
    0x08001f66   0x08001f66   0x00000004   Code   RO         4265    i.__mathlib_dbl_infnan2  m_ws.l(dunder.o)
    0x08001f6a   0x08001f6a   0x0000000c   Code   RO         4266    i.__mathlib_dbl_invalid  m_ws.l(dunder.o)
    0x08001f76   0x08001f76   0x0000000e   Code   RO         4267    i.__mathlib_dbl_overflow  m_ws.l(dunder.o)
    0x08001f84   0x08001f84   0x00000010   Code   RO         4269    i.__mathlib_dbl_underflow  m_ws.l(dunder.o)
    0x08001f94   0x08001f94   0x00000220   Code   RO         4251    i.atan              m_ws.l(atan.o)
    0x080021b4   0x080021b4   0x0000019c   Code   RO         4169    i.atan2             m_ws.l(atan2.o)
    0x08002350   0x08002350   0x00000054   Code   RO          602    i.chassis_arc_count  chassis.o
    0x080023a4   0x080023a4   0x0000003a   Code   RO          603    i.chassis_control_loop  chassis.o
    0x080023de   0x080023de   0x00000002   PAD
    0x080023e0   0x080023e0   0x00000064   Code   RO          604    i.chassis_init      chassis.o
    0x08002444   0x08002444   0x000000a8   Code   RO          605    i.chassis_move_back_decomposition  chassis.o
    0x080024ec   0x080024ec   0x00000024   Code   RO          606    i.chassis_move_forward_decomposition  chassis.o
    0x08002510   0x08002510   0x00000124   Code   RO          607    i.chassis_position_count  chassis.o
    0x08002634   0x08002634   0x0000009c   Code   RO         4177    i.cos               m_ws.l(cos.o)
    0x080026d0   0x080026d0   0x00000028   Code   RO          675    i.encoder_control_loop  encoder.o
    0x080026f8   0x080026f8   0x00000030   Code   RO          676    i.encoder_feedback  encoder.o
    0x08002728   0x08002728   0x00000024   Code   RO          677    i.encoder_init      encoder.o
    0x0800274c   0x0800274c   0x00000068   Code   RO          678    i.encoder_len_count  encoder.o
    0x080027b4   0x080027b4   0x0000004c   Code   RO          679    i.encoder_rate_count  encoder.o
    0x08002800   0x08002800   0x00000008   Code   RO          608    i.get_chassis_para_point  chassis.o
    0x08002808   0x08002808   0x00000008   Code   RO          680    i.get_encoder_para_point  encoder.o
    0x08002810   0x08002810   0x00000022   Code   RO           15    i.main              main.o
    0x08002832   0x08002832   0x0000000c   Code   RO         3605    i.makeFreeRtosPriority  cmsis_os.o
    0x0800283e   0x0800283e   0x00000002   PAD
    0x08002840   0x08002840   0x0000007c   Code   RO          507    i.motor_controller  motor.o
    0x080028bc   0x080028bc   0x0000001c   Code   RO          508    i.motor_feedback    motor.o
    0x080028d8   0x080028d8   0x00000060   Code   RO          509    i.motor_init        motor.o
    0x08002938   0x08002938   0x0000001c   Code   RO          510    i.motor_start       motor.o
    0x08002954   0x08002954   0x0000000e   Code   RO         3607    i.osDelay           cmsis_os.o
    0x08002962   0x08002962   0x0000000a   Code   RO         3610    i.osKernelStart     cmsis_os.o
    0x0800296c   0x0800296c   0x00000054   Code   RO         3644    i.osThreadCreate    cmsis_os.o
    0x080029c0   0x080029c0   0x000009d8   Code   RO         4185    i.pow               m_ws.l(pow.o)
    0x08003398   0x08003398   0x00000070   Code   RO         3287    i.prvAddCurrentTaskToDelayedList  tasks.o
    0x08003408   0x08003408   0x000000d0   Code   RO         3288    i.prvAddNewTaskToReadyList  tasks.o
    0x080034d8   0x080034d8   0x00000034   Code   RO         3289    i.prvDeleteTCB      tasks.o
    0x0800350c   0x0800350c   0x0000004c   Code   RO         3972    i.prvHeapInit       heap_4.o
    0x08003558   0x08003558   0x00000060   Code   RO         3290    i.prvIdleTask       tasks.o
    0x080035b8   0x080035b8   0x00000098   Code   RO         3291    i.prvInitialiseNewTask  tasks.o
    0x08003650   0x08003650   0x0000004c   Code   RO         3973    i.prvInsertBlockIntoFreeList  heap_4.o
    0x0800369c   0x0800369c   0x00000020   Code   RO         3292    i.prvResetNextTaskUnblockTime  tasks.o
    0x080036bc   0x080036bc   0x00000028   Code   RO         4040    i.prvTaskExitError  port.o
    0x080036e4   0x080036e4   0x000000dc   Code   RO         3974    i.pvPortMalloc      heap_4.o
    0x080037c0   0x080037c0   0x00000024   Code   RO         4041    i.pxPortInitialiseStack  port.o
    0x080037e4   0x080037e4   0x000000a0   Code   RO         4195    i.sin               m_ws.l(sin.o)
    0x08003884   0x08003884   0x0000004c   Code   RO         4203    i.sqrt              m_ws.l(sqrt.o)
    0x080038d0   0x080038d0   0x00000026   Code   RO         2923    i.uxListRemove      list.o
    0x080038f6   0x080038f6   0x00000002   PAD
    0x080038f8   0x080038f8   0x00000014   Code   RO          209    i.vApplicationGetIdleTaskMemory  freertos.o
    0x0800390c   0x0800390c   0x00000016   Code   RO         2924    i.vListInitialise   list.o
    0x08003922   0x08003922   0x00000006   Code   RO         2925    i.vListInitialiseItem  list.o
    0x08003928   0x08003928   0x00000030   Code   RO         2926    i.vListInsert       list.o
    0x08003958   0x08003958   0x00000018   Code   RO         2927    i.vListInsertEnd    list.o
    0x08003970   0x08003970   0x00000040   Code   RO         4043    i.vPortEnterCritical  port.o
    0x080039b0   0x080039b0   0x00000028   Code   RO         4044    i.vPortExitCritical  port.o
    0x080039d8   0x080039d8   0x00000064   Code   RO         3975    i.vPortFree         heap_4.o
    0x08003a3c   0x08003a3c   0x00000024   Code   RO         4045    i.vPortSetupTimerInterrupt  port.o
    0x08003a60   0x08003a60   0x0000004c   Code   RO         3301    i.vTaskDelay        tasks.o
    0x08003aac   0x08003aac   0x0000006c   Code   RO         3314    i.vTaskStartScheduler  tasks.o
    0x08003b18   0x08003b18   0x00000010   Code   RO         3316    i.vTaskSuspendAll   tasks.o
    0x08003b28   0x08003b28   0x0000005c   Code   RO         3317    i.vTaskSwitchContext  tasks.o
    0x08003b84   0x08003b84   0x000000a8   Code   RO         4047    i.xPortStartScheduler  port.o
    0x08003c2c   0x08003c2c   0x0000002c   Code   RO         4048    i.xPortSysTickHandler  port.o
    0x08003c58   0x08003c58   0x0000005a   Code   RO         3320    i.xTaskCreate       tasks.o
    0x08003cb2   0x08003cb2   0x00000056   Code   RO         3321    i.xTaskCreateStatic  tasks.o
    0x08003d08   0x08003d08   0x0000001c   Code   RO         3325    i.xTaskGetSchedulerState  tasks.o
    0x08003d24   0x08003d24   0x000000cc   Code   RO         3328    i.xTaskIncrementTick  tasks.o
    0x08003df0   0x08003df0   0x000000c4   Code   RO         3334    i.xTaskResumeAll    tasks.o
    0x08003eb4   0x08003eb4   0x00000062   Code   RO         4132    x$fpl$d2f           fz_ws.l(d2f.o)
    0x08003f16   0x08003f16   0x00000002   PAD
    0x08003f18   0x08003f18   0x00000150   Code   RO         4134    x$fpl$dadd          fz_ws.l(daddsub_clz.o)
    0x08004068   0x08004068   0x00000010   Code   RO         4313    x$fpl$dcheck1       fz_ws.l(dcheck1.o)
    0x08004078   0x08004078   0x00000018   Code   RO         4315    x$fpl$dcmpinf       fz_ws.l(dcmpi.o)
    0x08004090   0x08004090   0x000002b0   Code   RO         4216    x$fpl$ddiv          fz_ws.l(ddiv.o)
    0x08004340   0x08004340   0x00000078   Code   RO         4219    x$fpl$deqf          fz_ws.l(deqf.o)
    0x080043b8   0x080043b8   0x0000005e   Code   RO         4317    x$fpl$dfix          fz_ws.l(dfix.o)
    0x08004416   0x08004416   0x0000002e   Code   RO         4222    x$fpl$dflt          fz_ws.l(dflt_clz.o)
    0x08004444   0x08004444   0x00000026   Code   RO         4221    x$fpl$dfltu         fz_ws.l(dflt_clz.o)
    0x0800446a   0x0800446a   0x00000002   PAD
    0x0800446c   0x0800446c   0x00000078   Code   RO         4227    x$fpl$dleqf         fz_ws.l(dleqf.o)
    0x080044e4   0x080044e4   0x00000154   Code   RO         4229    x$fpl$dmul          fz_ws.l(dmul.o)
    0x08004638   0x08004638   0x0000009c   Code   RO         4231    x$fpl$dnaninf       fz_ws.l(dnaninf.o)
    0x080046d4   0x080046d4   0x0000000c   Code   RO         4233    x$fpl$dretinf       fz_ws.l(dretinf.o)
    0x080046e0   0x080046e0   0x0000006c   Code   RO         4235    x$fpl$drleqf        fz_ws.l(drleqf.o)
    0x0800474c   0x0800474c   0x00000016   Code   RO         4135    x$fpl$drsb          fz_ws.l(daddsub_clz.o)
    0x08004762   0x08004762   0x00000002   PAD
    0x08004764   0x08004764   0x000001cc   Code   RO         4237    x$fpl$dsqrt         fz_ws.l(dsqrt_noumaal.o)
    0x08004930   0x08004930   0x000001d4   Code   RO         4136    x$fpl$dsub          fz_ws.l(daddsub_clz.o)
    0x08004b04   0x08004b04   0x00000056   Code   RO         4140    x$fpl$f2d           fz_ws.l(f2d.o)
    0x08004b5a   0x08004b5a   0x00000002   PAD
    0x08004b5c   0x08004b5c   0x000000c4   Code   RO         4142    x$fpl$fadd          fz_ws.l(faddsub_clz.o)
    0x08004c20   0x08004c20   0x0000000c   Code   RO         4239    x$fpl$fcheck1       fz_ws.l(fcheck1.o)
    0x08004c2c   0x08004c2c   0x00000018   Code   RO         4321    x$fpl$fcmpinf       fz_ws.l(fcmpi.o)
    0x08004c44   0x08004c44   0x00000184   Code   RO         4149    x$fpl$fdiv          fz_ws.l(fdiv.o)
    0x08004dc8   0x08004dc8   0x0000003e   Code   RO         4152    x$fpl$ffixu         fz_ws.l(ffixu.o)
    0x08004e06   0x08004e06   0x00000002   PAD
    0x08004e08   0x08004e08   0x00000030   Code   RO         4157    x$fpl$fflt          fz_ws.l(fflt_clz.o)
    0x08004e38   0x08004e38   0x00000026   Code   RO         4156    x$fpl$ffltu         fz_ws.l(fflt_clz.o)
    0x08004e5e   0x08004e5e   0x00000002   PAD
    0x08004e60   0x08004e60   0x00000068   Code   RO         4241    x$fpl$fleqf         fz_ws.l(fleqf.o)
    0x08004ec8   0x08004ec8   0x00000102   Code   RO         4162    x$fpl$fmul          fz_ws.l(fmul.o)
    0x08004fca   0x08004fca   0x0000008c   Code   RO         4243    x$fpl$fnaninf       fz_ws.l(fnaninf.o)
    0x08005056   0x08005056   0x0000000a   Code   RO         4245    x$fpl$fretinf       fz_ws.l(fretinf.o)
    0x08005060   0x08005060   0x00000062   Code   RO         4164    x$fpl$frleqf        fz_ws.l(frleqf.o)
    0x080050c2   0x080050c2   0x00000014   Code   RO         4143    x$fpl$frsb          fz_ws.l(faddsub_clz.o)
    0x080050d6   0x080050d6   0x00000002   PAD
    0x080050d8   0x080050d8   0x000000ea   Code   RO         4144    x$fpl$fsub          fz_ws.l(faddsub_clz.o)
    0x080051c2   0x080051c2   0x00000064   Code   RO         4323    x$fpl$retnan        fz_ws.l(retnan.o)
    0x08005226   0x08005226   0x0000005c   Code   RO         4247    x$fpl$scalbn        fz_ws.l(scalbn.o)
    0x08005282   0x08005282   0x0000004c   Code   RO         4166    x$fpl$scalbnf       fz_ws.l(scalbnf.o)
    0x080052ce   0x080052ce   0x00000030   Code   RO         4338    x$fpl$trapveneer    fz_ws.l(trapv.o)
    0x080052fe   0x080052fe   0x00000000   Code   RO         4249    x$fpl$usenofp       fz_ws.l(usenofp.o)
    0x080052fe   0x080052fe   0x00000002   PAD
    0x08005300   0x08005300   0x00000070   Data   RO          211    .constdata          freertos.o
    0x08005370   0x08005370   0x00000010   Data   RO          463    .constdata          system_stm32f1xx.o
    0x08005380   0x08005380   0x00000018   Data   RO          512    .constdata          motor.o
    0x08005398   0x08005398   0x00000018   Data   RO          610    .constdata          chassis.o
    0x080053b0   0x080053b0   0x00000012   Data   RO         1056    .constdata          stm32f1xx_hal_rcc.o
    0x080053c2   0x080053c2   0x00000006   PAD
    0x080053c8   0x080053c8   0x00000088   Data   RO         4186    .constdata          m_ws.l(pow.o)
    0x08005450   0x08005450   0x00000098   Data   RO         4252    .constdata          m_ws.l(atan.o)
    0x080054e8   0x080054e8   0x00000030   Data   RO         4261    .constdata          m_ws.l(cos_i.o)
    0x08005518   0x08005518   0x00000008   Data   RO         4281    .constdata          m_ws.l(qnan.o)
    0x08005520   0x08005520   0x000000c8   Data   RO         4284    .constdata          m_ws.l(rred.o)
    0x080055e8   0x080055e8   0x00000028   Data   RO         4288    .constdata          m_ws.l(sin_i.o)
    0x08005610   0x08005610   0x00000030   Data   RO          212    .conststring        freertos.o
    0x08005640   0x08005640   0x00000020   Data   RO         4466    Region$$Table       anon$$obj.o


    Execution Region RW_IRAM1 (Exec base: 0x20000000, Load base: 0x08005660, Size: 0x000018d0, Max: 0x00005000, ABSOLUTE)

    Exec Addr    Load Addr    Size         Type   Attr      Idx    E Section Name        Object

    0x20000000   0x08005660   0x00000010   Data   RW          213    .data               freertos.o
    0x20000010   0x08005670   0x00000004   Data   RW          465    .data               system_stm32f1xx.o
    0x20000014   0x08005674   0x0000000c   Data   RW          893    .data               stm32f1xx_hal.o
    0x20000020   0x08005680   0x0000003c   Data   RW         3337    .data               tasks.o
    0x2000005c   0x080056bc   0x00000020   Data   RW         3981    .data               heap_4.o
    0x2000007c   0x080056dc   0x0000000c   Data   RW         4049    .data               port.o
    0x20000088        -       0x00000254   Zero   RW          210    .bss                freertos.o
    0x200002dc        -       0x000000d8   Zero   RW          297    .bss                tim.o
    0x200003b4        -       0x000000b8   Zero   RW          511    .bss                motor.o
    0x2000046c        -       0x000000e0   Zero   RW          609    .bss                chassis.o
    0x2000054c        -       0x00000034   Zero   RW          681    .bss                encoder.o
    0x20000580        -       0x000000f0   Zero   RW         3336    .bss                tasks.o
    0x20000670        -       0x00000c00   Zero   RW         3980    .bss                heap_4.o
    0x20001270        -       0x00000060   Zero   RW         4326    .bss                c_w.l(libspace.o)
    0x200012d0        -       0x00000200   Zero   RW            2    HEAP                startup_stm32f103xb.o
    0x200014d0        -       0x00000400   Zero   RW            1    STACK               startup_stm32f103xb.o


==============================================================================

Image component sizes


      Code (inc. data)   RO Data    RW Data    ZI Data      Debug   Object Name

       770         50         24          0        224       5453   chassis.o
       120          0          0          0          0      23973   cmsis_os.o
       344         58          0          0         52       4771   encoder.o
         0          0          0          0          0      17316   event_groups.o
       156         18        160         16        596       8622   freertos.o
       168         12          0          0          0        931   gpio.o
       472         24          0         32       3072       7807   heap_4.o
       138          0          0          0          0       3766   list.o
       132          0          0          0          0     447804   main.o
       524         58         24          0        184       8651   motor.o
       336          0          0          0          0       2966   pid.o
       578         60          0         12          0      10876   port.o
        64         26        236          0       1536        792   startup_stm32f103xb.o
       128         24          0         12          0       5661   stm32f1xx_hal.o
       198         14          0          0          0      29479   stm32f1xx_hal_cortex.o
       506         34          0          0          0       3769   stm32f1xx_hal_gpio.o
        72         10          0          0          0        834   stm32f1xx_hal_msp.o
      1176         60         18          0          0       4250   stm32f1xx_hal_rcc.o
      1540         44          0          0          0      14479   stm32f1xx_hal_tim.o
       108         12          0          0          0       2665   stm32f1xx_hal_tim_ex.o
        60         12          0          0          0       3803   stm32f1xx_it.o
         0          0          0          0          0        404   stream_buffer.o
         2          0         16          4          0       1123   system_stm32f1xx.o
      1548        118          0         60        240      21071   tasks.o
       624         64          0          0        216       4095   tim.o

    ----------------------------------------------------------------------
      9790        698        516        136       6120     635361   Object Totals
         0          0         32          0          0          0   (incl. Generated)
        26          0          6          0          0          0   (incl. Padding)

    ----------------------------------------------------------------------

      Code (inc. data)   RO Data    RW Data    ZI Data      Debug   Library Member Name

         8          0          0          0          0         68   __main.o
         0          0          0          0          0          0   __rtentry.o
        12          0          0          0          0          0   __rtentry2.o
         6          0          0          0          0          0   __rtentry4.o
        52          8          0          0          0          0   __scatter.o
        26          0          0          0          0          0   __scatter_copy.o
        28          0          0          0          0          0   __scatter_zi.o
        22          0          0          0          0        100   _rserrno.o
        18          0          0          0          0         80   exit.o
         6          0          0          0          0        152   heapauxi.o
         0          0          0          0          0          0   indicate_semi.o
         2          0          0          0          0          0   libinit.o
         2          0          0          0          0          0   libinit2.o
         2          0          0          0          0          0   libshutdown.o
         2          0          0          0          0          0   libshutdown2.o
         8          4          0          0         96         68   libspace.o
         8          4          0          0          0         68   rt_errno_addr_intlibspace.o
        78          0          0          0          0         80   rt_memclr_w.o
       100          0          0          0          0         80   rt_memcpy_w.o
         2          0          0          0          0          0   rtexit.o
        10          0          0          0          0          0   rtexit2.o
        12          4          0          0          0         68   sys_exit.o
        74          0          0          0          0         80   sys_stackheap_outer.o
         2          0          0          0          0         68   use_no_semi.o
        98          4          0          0          0         92   d2f.o
       826         16          0          0          0        348   daddsub_clz.o
        16          4          0          0          0         68   dcheck1.o
        24          0          0          0          0         68   dcmpi.o
       688        140          0          0          0        208   ddiv.o
       120          4          0          0          0         92   deqf.o
        94          4          0          0          0         92   dfix.o
        84          0          0          0          0        136   dflt_clz.o
       120          4          0          0          0         92   dleqf.o
       340         12          0          0          0        104   dmul.o
       156          4          0          0          0         92   dnaninf.o
        12          0          0          0          0         68   dretinf.o
       108          0          0          0          0         80   drleqf.o
       460         56          0          0          0        120   dsqrt_noumaal.o
        86          4          0          0          0         84   f2d.o
       450          8          0          0          0        236   faddsub_clz.o
        12          4          0          0          0         68   fcheck1.o
        24          0          0          0          0         68   fcmpi.o
       388         76          0          0          0         96   fdiv.o
        62          4          0          0          0         84   ffixu.o
        86          0          0          0          0        136   fflt_clz.o
       104          4          0          0          0         84   fleqf.o
       258          4          0          0          0         84   fmul.o
       140          4          0          0          0         84   fnaninf.o
        10          0          0          0          0         68   fretinf.o
        98          0          0          0          0         68   frleqf.o
       100          0          0          0          0         68   retnan.o
        92          0          0          0          0         68   scalbn.o
        76          0          0          0          0         68   scalbnf.o
        48          0          0          0          0         68   trapv.o
         0          0          0          0          0          0   usenofp.o
       544         70        152          0          0        124   atan.o
       412         38          0          0          0        144   atan2.o
       156          8          0          0          0        104   cos.o
       252         22         48          0          0        124   cos_i.o
        68         10          0          0          0        408   dunder.o
        40          0          0          0          0         68   fpclassify.o
       170          0          0          0          0         96   poly.o
      2520        190        136          0          0        324   pow.o
         0          0          8          0          0          0   qnan.o
       904         76        200          0          0        140   rred.o
       160         10          0          0          0        108   sin.o
       236         12         40          0          0        128   sin_i.o
        76          0          0          0          0         84   sqrt.o

    ----------------------------------------------------------------------
     11222        812        584          0         96       5856   Library Totals
        24          0          0          0          0          0   (incl. Padding)

    ----------------------------------------------------------------------

      Code (inc. data)   RO Data    RW Data    ZI Data      Debug   Library Name

       480         20          0          0         96        912   c_w.l
      5180        356          0          0          0       3092   fz_ws.l
      5538        436        584          0          0       1852   m_ws.l

    ----------------------------------------------------------------------
     11222        812        584          0         96       5856   Library Totals

    ----------------------------------------------------------------------

==============================================================================


      Code (inc. data)   RO Data    RW Data    ZI Data      Debug   

     21012       1510       1100        136       6216     632009   Grand Totals
     21012       1510       1100        136       6216     632009   ELF Image Totals
     21012       1510       1100        136          0          0   ROM Totals

==============================================================================

    Total RO  Size (Code + RO Data)                22112 (  21.59kB)
    Total RW  Size (RW Data + ZI Data)              6352 (   6.20kB)
    Total ROM Size (Code + RO Data + RW Data)      22248 (  21.73kB)

==============================================================================

